Archive member included to satisfy reference by file (symbol)

c:/st/stm32cubeide_1.12.0/stm32cubeide/plugins/com.st.stm32cube.ide.mcu.externaltools.gnu-tools-for-stm32.10.3-2021.10.win32_1.0.200.202301161003/tools/bin/../lib/gcc/arm-none-eabi/10.3.1/../../../../arm-none-eabi/lib/thumb/v7e-m+fp/hard\libc_nano.a(lib_a-errno.o)
                              ./Core/Src/syscalls.o (__errno)
c:/st/stm32cubeide_1.12.0/stm32cubeide/plugins/com.st.stm32cube.ide.mcu.externaltools.gnu-tools-for-stm32.10.3-2021.10.win32_1.0.200.202301161003/tools/bin/../lib/gcc/arm-none-eabi/10.3.1/../../../../arm-none-eabi/lib/thumb/v7e-m+fp/hard\libc_nano.a(lib_a-exit.o)
                              c:/st/stm32cubeide_1.12.0/stm32cubeide/plugins/com.st.stm32cube.ide.mcu.externaltools.gnu-tools-for-stm32.10.3-2021.10.win32_1.0.200.202301161003/tools/bin/../lib/gcc/arm-none-eabi/10.3.1/../../../../arm-none-eabi/lib/thumb/v7e-m+fp/hard/crt0.o (exit)
c:/st/stm32cubeide_1.12.0/stm32cubeide/plugins/com.st.stm32cube.ide.mcu.externaltools.gnu-tools-for-stm32.10.3-2021.10.win32_1.0.200.202301161003/tools/bin/../lib/gcc/arm-none-eabi/10.3.1/../../../../arm-none-eabi/lib/thumb/v7e-m+fp/hard\libc_nano.a(lib_a-impure.o)
                              c:/st/stm32cubeide_1.12.0/stm32cubeide/plugins/com.st.stm32cube.ide.mcu.externaltools.gnu-tools-for-stm32.10.3-2021.10.win32_1.0.200.202301161003/tools/bin/../lib/gcc/arm-none-eabi/10.3.1/../../../../arm-none-eabi/lib/thumb/v7e-m+fp/hard\libc_nano.a(lib_a-exit.o) (_global_impure_ptr)
c:/st/stm32cubeide_1.12.0/stm32cubeide/plugins/com.st.stm32cube.ide.mcu.externaltools.gnu-tools-for-stm32.10.3-2021.10.win32_1.0.200.202301161003/tools/bin/../lib/gcc/arm-none-eabi/10.3.1/../../../../arm-none-eabi/lib/thumb/v7e-m+fp/hard\libc_nano.a(lib_a-init.o)
                              c:/st/stm32cubeide_1.12.0/stm32cubeide/plugins/com.st.stm32cube.ide.mcu.externaltools.gnu-tools-for-stm32.10.3-2021.10.win32_1.0.200.202301161003/tools/bin/../lib/gcc/arm-none-eabi/10.3.1/../../../../arm-none-eabi/lib/thumb/v7e-m+fp/hard/crt0.o (__libc_init_array)
c:/st/stm32cubeide_1.12.0/stm32cubeide/plugins/com.st.stm32cube.ide.mcu.externaltools.gnu-tools-for-stm32.10.3-2021.10.win32_1.0.200.202301161003/tools/bin/../lib/gcc/arm-none-eabi/10.3.1/../../../../arm-none-eabi/lib/thumb/v7e-m+fp/hard\libc_nano.a(lib_a-memcpy-stub.o)
                              ./Core/Src/ssd1306.o (memcpy)
c:/st/stm32cubeide_1.12.0/stm32cubeide/plugins/com.st.stm32cube.ide.mcu.externaltools.gnu-tools-for-stm32.10.3-2021.10.win32_1.0.200.202301161003/tools/bin/../lib/gcc/arm-none-eabi/10.3.1/../../../../arm-none-eabi/lib/thumb/v7e-m+fp/hard\libc_nano.a(lib_a-memset.o)
                              c:/st/stm32cubeide_1.12.0/stm32cubeide/plugins/com.st.stm32cube.ide.mcu.externaltools.gnu-tools-for-stm32.10.3-2021.10.win32_1.0.200.202301161003/tools/bin/../lib/gcc/arm-none-eabi/10.3.1/../../../../arm-none-eabi/lib/thumb/v7e-m+fp/hard/crt0.o (memset)
c:/st/stm32cubeide_1.12.0/stm32cubeide/plugins/com.st.stm32cube.ide.mcu.externaltools.gnu-tools-for-stm32.10.3-2021.10.win32_1.0.200.202301161003/tools/bin/../lib/gcc/arm-none-eabi/10.3.1/../../../../arm-none-eabi/lib/thumb/v7e-m+fp/hard\libm.a(lib_a-s_cos.o)
                              ./Core/Src/ssd1306.o (cos)
c:/st/stm32cubeide_1.12.0/stm32cubeide/plugins/com.st.stm32cube.ide.mcu.externaltools.gnu-tools-for-stm32.10.3-2021.10.win32_1.0.200.202301161003/tools/bin/../lib/gcc/arm-none-eabi/10.3.1/../../../../arm-none-eabi/lib/thumb/v7e-m+fp/hard\libm.a(lib_a-s_sin.o)
                              ./Core/Src/ssd1306.o (sin)
c:/st/stm32cubeide_1.12.0/stm32cubeide/plugins/com.st.stm32cube.ide.mcu.externaltools.gnu-tools-for-stm32.10.3-2021.10.win32_1.0.200.202301161003/tools/bin/../lib/gcc/arm-none-eabi/10.3.1/../../../../arm-none-eabi/lib/thumb/v7e-m+fp/hard\libm.a(lib_a-e_rem_pio2.o)
                              c:/st/stm32cubeide_1.12.0/stm32cubeide/plugins/com.st.stm32cube.ide.mcu.externaltools.gnu-tools-for-stm32.10.3-2021.10.win32_1.0.200.202301161003/tools/bin/../lib/gcc/arm-none-eabi/10.3.1/../../../../arm-none-eabi/lib/thumb/v7e-m+fp/hard\libm.a(lib_a-s_cos.o) (__ieee754_rem_pio2)
c:/st/stm32cubeide_1.12.0/stm32cubeide/plugins/com.st.stm32cube.ide.mcu.externaltools.gnu-tools-for-stm32.10.3-2021.10.win32_1.0.200.202301161003/tools/bin/../lib/gcc/arm-none-eabi/10.3.1/../../../../arm-none-eabi/lib/thumb/v7e-m+fp/hard\libm.a(lib_a-k_cos.o)
                              c:/st/stm32cubeide_1.12.0/stm32cubeide/plugins/com.st.stm32cube.ide.mcu.externaltools.gnu-tools-for-stm32.10.3-2021.10.win32_1.0.200.202301161003/tools/bin/../lib/gcc/arm-none-eabi/10.3.1/../../../../arm-none-eabi/lib/thumb/v7e-m+fp/hard\libm.a(lib_a-s_cos.o) (__kernel_cos)
c:/st/stm32cubeide_1.12.0/stm32cubeide/plugins/com.st.stm32cube.ide.mcu.externaltools.gnu-tools-for-stm32.10.3-2021.10.win32_1.0.200.202301161003/tools/bin/../lib/gcc/arm-none-eabi/10.3.1/../../../../arm-none-eabi/lib/thumb/v7e-m+fp/hard\libm.a(lib_a-k_rem_pio2.o)
[...]
Memory Configuration

Name             Origin             Length             Attributes
RAM              0x0000000020000000 0x0000000000050000 xrw
FLASH            0x0000000008000000 0x0000000000100000 xr
*default*        0x0000000000000000 0xffffffffffffffff

Linker script and memory map

LOAD c:/st/stm32cubeide_1.12.0/stm32cubeide/plugins/com.st.stm32cube.ide.mcu.externaltools.gnu-tools-for-stm32.10.3-2021.10.win32_1.0.200.202301161003/tools/bin/../lib/gcc/arm-none-eabi/10.3.1/thumb/v7e-m+fp/hard/crti.o
LOAD c:/st/stm32cubeide_1.12.0/stm32cubeide/plugins/com.st.stm32cube.ide.mcu.externaltools.gnu-tools-for-stm32.10.3-2021.10.win32_1.0.200.202301161003/tools/bin/../lib/gcc/arm-none-eabi/10.3.1/thumb/v7e-m+fp/hard/crtbegin.o
LOAD c:/st/stm32cubeide_1.12.0/stm32cubeide/plugins/com.st.stm32cube.ide.mcu.externaltools.gnu-tools-for-stm32.10.3-2021.10.win32_1.0.200.202301161003/tools/bin/../lib/gcc/arm-none-eabi/10.3.1/../../../../arm-none-eabi/lib/thumb/v7e-m+fp/hard/crt0.o
LOAD ./Core/Src/main.o
LOAD ./Core/Src/ssd1306.o
LOAD ./Core/Src/ssd1306_fonts.o
LOAD ./Core/Src/ssd1306_tests.o
LOAD ./Core/Src/stm32f7xx_hal_msp.o
LOAD ./Core/Src/stm32f7xx_it.o
LOAD ./Core/Src/syscalls.o
LOAD ./Core/Src/sysmem.o
LOAD ./Core/Src/system_stm32f7xx.o
LOAD ./Core/Startup/startup_stm32f746zgtx.o
LOAD ./Drivers/STM32F7xx_HAL_Driver/Src/stm32f7xx_hal.o
LOAD ./Drivers/STM32F7xx_HAL_Driver/Src/stm32f7xx_hal_adc.o
LOAD ./Drivers/STM32F7xx_HAL_Driver/Src/stm32f7xx_hal_adc_ex.o
LOAD ./Drivers/STM32F7xx_HAL_Driver/Src/stm32f7xx_hal_cortex.o
LOAD ./Drivers/STM32F7xx_HAL_Driver/Src/stm32f7xx_hal_dma.o
LOAD ./Drivers/STM32F7xx_HAL_Driver/Src/stm32f7xx_hal_dma_ex.o
LOAD ./Drivers/STM32F7xx_HAL_Driver/Src/stm32f7xx_hal_eth.o
LOAD ./Drivers/STM32F7xx_HAL_Driver/Src/stm32f7xx_hal_exti.o
LOAD ./Drivers/STM32F7xx_HAL_Driver/Src/stm32f7xx_hal_flash.o
LOAD ./Drivers/STM32F7xx_HAL_Driver/Src/stm32f7xx_hal_flash_ex.o
LOAD ./Drivers/STM32F7xx_HAL_Driver/Src/stm32f7xx_hal_gpio.o
LOAD ./Drivers/STM32F7xx_HAL_Driver/Src/stm32f7xx_hal_i2c.o
LOAD ./Drivers/STM32F7xx_HAL_Driver/Src/stm32f7xx_hal_i2c_ex.o
LOAD ./Drivers/STM32F7xx_HAL_Driver/Src/stm32f7xx_hal_pcd.o
LOAD ./Drivers/STM32F7xx_HAL_Driver/Src/stm32f7xx_hal_pcd_ex.o
LOAD ./Drivers/STM32F7xx_HAL_Driver/Src/stm32f7xx_hal_pwr.o
LOAD ./Drivers/STM32F7xx_HAL_Driver/Src/stm32f7xx_hal_pwr_ex.o
LOAD ./Drivers/STM32F7xx_HAL_Driver/Src/stm32f7xx_hal_rcc.o
LOAD ./Drivers/STM32F7xx_HAL_Driver/Src/stm32f7xx_hal_rcc_ex.o
LOAD ./Drivers/STM32F7xx_HAL_Driver/Src/stm32f7xx_hal_tim.o
LOAD ./Drivers/STM32F7xx_HAL_Driver/Src/stm32f7xx_hal_tim_ex.o
LOAD ./Drivers/STM32F7xx_HAL_Driver/Src/stm32f7xx_hal_uart.o
LOAD ./Drivers/STM32F7xx_HAL_Driver/Src/stm32f7xx_hal_uart_ex.o
LOAD ./Drivers/STM32F7xx_HAL_Driver/Src/stm32f7xx_ll_usb.o
START GROUP
LOAD c:/st/stm32cubeide_1.12.0/stm32cubeide/plugins/com.st.stm32cube.ide.mcu.externaltools.gnu-tools-for-stm32.10.3-2021.10.win32_1.0.200.202301161003/tools/bin/../lib/gcc/arm-none-eabi/10.3.1/../../../../arm-none-eabi/lib/thumb/v7e-m+fp/hard\libc_nano.a
LOAD c:/st/stm32cubeide_1.12.0/stm32cubeide/plugins/com.st.stm32cube.ide.mcu.externaltools.gnu-tools-for-stm32.10.3-2021.10.win32_1.0.200.202301161003/tools/bin/../lib/gcc/arm-none-eabi/10.3.1/../../../../arm-none-eabi/lib/thumb/v7e-m+fp/hard\libm.a
END GROUP
START GROUP
LOAD c:/st/stm32cubeide_1.12.0/stm32cubeide/plugins/com.st.stm32cube.ide.mcu.externaltools.gnu-tools-for-stm32.10.3-2021.10.win32_1.0.200.202301161003/tools/bin/../lib/gcc/arm-none-eabi/10.3.1/thumb/v7e-m+fp/hard\libgcc.a
LOAD c:/st/stm32cubeide_1.12.0/stm32cubeide/plugins/com.st.stm32cube.ide.mcu.externaltools.gnu-tools-for-stm32.10.3-2021.10.win32_1.0.200.202301161003/tools/bin/../lib/gcc/arm-none-eabi/10.3.1/../../../../arm-none-eabi/lib/thumb/v7e-m+fp/hard\libc_nano.a
END GROUP
START GROUP
LOAD c:/st/stm32cubeide_1.12.0/stm32cubeide/plugins/com.st.stm32cube.ide.mcu.externaltools.gnu-tools-for-stm32.10.3-2021.10.win32_1.0.200.202301161003/tools/bin/../lib/gcc/arm-none-eabi/10.3.1/thumb/v7e-m+fp/hard\libgcc.a
LOAD c:/st/stm32cubeide_1.12.0/stm32cubeide/plugins/com.st.stm32cube.ide.mcu.externaltools.gnu-tools-for-stm32.10.3-2021.10.win32_1.0.200.202301161003/tools/bin/../lib/gcc/arm-none-eabi/10.3.1/../../../../arm-none-eabi/lib/thumb/v7e-m+fp/hard\libc_nano.a
LOAD c:/st/stm32cubeide_1.12.0/stm32cubeide/plugins/com.st.stm32cube.ide.mcu.externaltools.gnu-tools-for-stm32.10.3-2021.10.win32_1.0.200.202301161003/tools/bin/../lib/gcc/arm-none-eabi/10.3.1/../../../../arm-none-eabi/lib/thumb/v7e-m+fp/hard\libnosys.a
END GROUP
START GROUP
LOAD c:/st/stm32cubeide_1.12.0/stm32cubeide/plugins/com.st.stm32cube.ide.mcu.externaltools.gnu-tools-for-stm32.10.3-2021.10.win32_1.0.200.202301161003/tools/bin/../lib/gcc/arm-none-eabi/10.3.1/thumb/v7e-m+fp/hard\libgcc.a
LOAD c:/st/stm32cubeide_1.12.0/stm32cubeide/plugins/com.st.stm32cube.ide.mcu.externaltools.gnu-tools-for-stm32.10.3-2021.10.win32_1.0.200.202301161003/tools/bin/../lib/gcc/arm-none-eabi/10.3.1/../../../../arm-none-eabi/lib/thumb/v7e-m+fp/hard\libc_nano.a
LOAD c:/st/stm32cubeide_1.12.0/stm32cubeide/plugins/com.st.stm32cube.ide.mcu.externaltools.gnu-tools-for-stm32.10.3-2021.10.win32_1.0.200.202301161003/tools/bin/../lib/gcc/arm-none-eabi/10.3.1/../../../../arm-none-eabi/lib/thumb/v7e-m+fp/hard\libnosys.a
END GROUP
LOAD c:/st/stm32cubeide_1.12.0/stm32cubeide/plugins/com.st.stm32cube.ide.mcu.externaltools.gnu-tools-for-stm32.10.3-2021.10.win32_1.0.200.202301161003/tools/bin/../lib/gcc/arm-none-eabi/10.3.1/thumb/v7e-m+fp/hard/crtend.o
LOAD c:/st/stm32cubeide_1.12.0/stm32cubeide/plugins/com.st.stm32cube.ide.mcu.externaltools.gnu-tools-for-stm32.10.3-2021.10.win32_1.0.200.202301161003/tools/bin/../lib/gcc/arm-none-eabi/10.3.1/thumb/v7e-m+fp/hard/crtn.o
                0x0000000020050000                _estack = (ORIGIN (RAM) + LENGTH (RAM))
                0x0000000000000200                _Min_Heap_Size = 0x200
                0x0000000000000400                _Min_Stack_Size = 0x400

.isr_vector     0x0000000008000000      0x1c8
                0x0000000008000000                . = ALIGN (0x4)
 *(.isr_vector)
 .isr_vector    0x0000000008000000      0x1c8 ./Core/Startup/startup_stm32f746zgtx.o
                0x0000000008000000                g_pfnVectors
                0x00000000080001c8                . = ALIGN (0x4)

.text           0x00000000080001c8     0x50c0
                0x00000000080001c8                . = ALIGN (0x4)
 *(.text)
 .text          0x00000000080001c8       0x40 c:/st/stm32cubeide_1.12.0/stm32cubeide/plugins/com.st.stm32cube.ide.mcu.externaltools.gnu-tools-for-stm32.10.3-2021.10.win32_1.0.200.202301161003/tools/bin/../lib/gcc/arm-none-eabi/10.3.1/thumb/v7e-m+fp/hard/crtbegin.o
 .text          0x0000000008000208       0x30 c:/st/stm32cubeide_1.12.0/stm32cubeide/plugins/com.st.stm32cube.ide.mcu.externaltools.gnu-tools-for-stm32.10.3-2021.10.win32_1.0.200.202301161003/tools/bin/../lib/gcc/arm-none-eabi/10.3.1/thumb/v7e-m+fp/hard\libgcc.a(_aeabi_uldivmod.o)
                0x0000000008000208                __aeabi_uldivmod
 .text          0x0000000008000238      0x2d0 c:/st/stm32cubeide_1.12.0/stm32cubeide/plugins/com.st.stm32cube.ide.mcu.externaltools.gnu-tools-for-stm32.10.3-2021.10.win32_1.0.200.202301161003/tools/bin/../lib/gcc/arm-none-eabi/10.3.1/thumb/v7e-m+fp/hard\libgcc.a(_udivmoddi4.o)
                0x0000000008000238                __udivmoddi4
 .text          0x0000000008000508        0x4 c:/st/stm32cubeide_1.12.0/stm32cubeide/plugins/com.st.stm32cube.ide.mcu.externaltools.gnu-tools-for-stm32.10.3-2021.10.win32_1.0.200.202301161003/tools/bin/../lib/gcc/arm-none-eabi/10.3.1/thumb/v7e-m+fp/hard\libgcc.a(_dvmd_tls.o)
                0x0000000008000508                __aeabi_idiv0
                0x0000000008000508                __aeabi_ldiv0
 *(.text*)
 .text.main     0x000000000800050c       0x32 ./Core/Src/main.o
                0x000000000800050c                main
 *fill*         0x000000000800053e        0x2 
 .text.SystemClock_Config
                0x0000000008000540       0xd0 ./Core/Src/main.o
                0x0000000008000540                SystemClock_Config
 .text.MX_ADC1_Init
                0x0000000008000610       0xa4 ./Core/Src/main.o
 .text.MX_ETH_Init
                0x00000000080006b4       0x9c ./Core/Src/main.o
 .text.MX_I2C2_Init
                0x0000000008000750       0x80 ./Core/Src/main.o
 .text.MX_USART3_UART_Init
                0x00000000080007d0       0x60 ./Core/Src/main.o
 .text.MX_USB_OTG_FS_PCD_Init
                0x0000000008000830       0x5c ./Core/Src/main.o
 .text.MX_GPIO_Init
                0x000000000800088c      0x15c ./Core/Src/main.o
 .text.Error_Handler
                0x00000000080009e8        0xa ./Core/Src/main.o
                0x00000000080009e8                Error_Handler
 .text.ssd1306_Reset
                0x00000000080009f2        0xe ./Core/Src/ssd1306.o
                0x00000000080009f2                ssd1306_Reset
 .text.ssd1306_WriteCommand
                0x0000000008000a00       0x30 ./Core/Src/ssd1306.o
                0x0000000008000a00                ssd1306_WriteCommand
 .text.ssd1306_WriteData
                0x0000000008000a30       0x34 ./Core/Src/ssd1306.o
                0x0000000008000a30                ssd1306_WriteData
 .text.ssd1306_Init
                0x0000000008000a64       0xd4 ./Core/Src/ssd1306.o
                0x0000000008000a64                ssd1306_Init
 .text.ssd1306_Fill
                0x0000000008000b38       0x48 ./Core/Src/ssd1306.o
                0x0000000008000b38                ssd1306_Fill
 .text.ssd1306_UpdateScreen
                0x0000000008000b80       0x50 ./Core/Src/ssd1306.o
                0x0000000008000b80                ssd1306_UpdateScreen
 .text.ssd1306_DrawPixel
                0x0000000008000bd0       0xa8 ./Core/Src/ssd1306.o
                0x0000000008000bd0                ssd1306_DrawPixel
 .text.ssd1306_WriteChar
                0x0000000008000c78      0x110 ./Core/Src/ssd1306.o
                0x0000000008000c78                ssd1306_WriteChar
 .text.ssd1306_WriteString
                0x0000000008000d88       0x4c ./Core/Src/ssd1306.o
                0x0000000008000d88                ssd1306_WriteString
 .text.ssd1306_SetCursor
                0x0000000008000dd4       0x30 ./Core/Src/ssd1306.o
                0x0000000008000dd4                ssd1306_SetCursor
 .text.ssd1306_SetContrast
                0x0000000008000e04       0x26 ./Core/Src/ssd1306.o
                0x0000000008000e04                ssd1306_SetContrast
 *fill*         0x0000000008000e2a        0x2 
 .text.ssd1306_SetDisplayOn
                0x0000000008000e2c       0x3c ./Core/Src/ssd1306.o
                0x0000000008000e2c                ssd1306_SetDisplayOn
 .text.ssd1306_TestFonts1
                0x0000000008000e68       0xa4 ./Core/Src/ssd1306_tests.o
                0x0000000008000e68                ssd1306_TestFonts1
 .text.ssd1306_OhmioSplash
                0x0000000008000f0c       0x18 ./Core/Src/ssd1306_tests.o
                0x0000000008000f0c                ssd1306_OhmioSplash
 .text.HAL_MspInit
                0x0000000008000f24       0x48 ./Core/Src/stm32f7xx_hal_msp.o
                0x0000000008000f24                HAL_MspInit
 .text.HAL_ADC_MspInit
                0x0000000008000f6c       0x80 ./Core/Src/stm32f7xx_hal_msp.o
                0x0000000008000f6c                HAL_ADC_MspInit
 .text.HAL_ETH_MspInit
                0x0000000008000fec      0x170 ./Core/Src/stm32f7xx_hal_msp.o
                0x0000000008000fec                HAL_ETH_MspInit
 .text.HAL_I2C_MspInit
                0x000000000800115c       0xbc ./Core/Src/stm32f7xx_hal_msp.o
                0x000000000800115c                HAL_I2C_MspInit
 .text.HAL_UART_MspInit
                0x0000000008001218       0xc0 ./Core/Src/stm32f7xx_hal_msp.o
                0x0000000008001218                HAL_UART_MspInit
 .text.HAL_PCD_MspInit
                0x00000000080012d8       0xf4 ./Core/Src/stm32f7xx_hal_msp.o
                0x00000000080012d8                HAL_PCD_MspInit
 .text.NMI_Handler
                0x00000000080013cc        0x6 ./Core/Src/stm32f7xx_it.o
                0x00000000080013cc                NMI_Handler
 .text.HardFault_Handler
                0x00000000080013d2        0x6 ./Core/Src/stm32f7xx_it.o
                0x00000000080013d2                HardFault_Handler
 .text.MemManage_Handler
                0x00000000080013d8        0x6 ./Core/Src/stm32f7xx_it.o
                0x00000000080013d8                MemManage_Handler
 .text.BusFault_Handler
                0x00000000080013de        0x6 ./Core/Src/stm32f7xx_it.o
                0x00000000080013de                BusFault_Handler
 .text.UsageFault_Handler
                0x00000000080013e4        0x6 ./Core/Src/stm32f7xx_it.o
                0x00000000080013e4                UsageFault_Handler
 .text.SVC_Handler
                0x00000000080013ea        0xe ./Core/Src/stm32f7xx_it.o
                0x00000000080013ea                SVC_Handler
 .text.DebugMon_Handler
                0x00000000080013f8        0xe ./Core/Src/stm32f7xx_it.o
                0x00000000080013f8                DebugMon_Handler
 .text.PendSV_Handler
                0x0000000008001406        0xe ./Core/Src/stm32f7xx_it.o
                0x0000000008001406                PendSV_Handler
 .text.SysTick_Handler
                0x0000000008001414        0xc ./Core/Src/stm32f7xx_it.o
                0x0000000008001414                SysTick_Handler
 .text.SystemInit
                0x0000000008001420       0x24 ./Core/Src/system_stm32f7xx.o
                0x0000000008001420                SystemInit
 .text.Reset_Handler
                0x0000000008001444       0x50 ./Core/Startup/startup_stm32f746zgtx.o
                0x0000000008001444                Reset_Handler
 .text.Default_Handler
                0x0000000008001494        0x2 ./Core/Startup/startup_stm32f746zgtx.o
                0x0000000008001494                RTC_Alarm_IRQHandler
                0x0000000008001494                EXTI2_IRQHandler
                0x0000000008001494                TIM8_CC_IRQHandler
                0x0000000008001494                UART8_IRQHandler
                0x0000000008001494                SPI4_IRQHandler
                0x0000000008001494                TIM1_CC_IRQHandler
                0x0000000008001494                DMA2_Stream5_IRQHandler
                0x0000000008001494                DMA1_Stream5_IRQHandler
                0x0000000008001494                PVD_IRQHandler
                0x0000000008001494                TAMP_STAMP_IRQHandler
                0x0000000008001494                CAN2_RX1_IRQHandler
                0x0000000008001494                EXTI3_IRQHandler
                0x0000000008001494                TIM8_TRG_COM_TIM14_IRQHandler
                0x0000000008001494                TIM1_UP_TIM10_IRQHandler
                0x0000000008001494                TIM8_UP_TIM13_IRQHandler
                0x0000000008001494                I2C3_ER_IRQHandler
                0x0000000008001494                EXTI0_IRQHandler
                0x0000000008001494                I2C2_EV_IRQHandler
                0x0000000008001494                DMA1_Stream2_IRQHandler
                0x0000000008001494                CAN1_RX0_IRQHandler
                0x0000000008001494                FPU_IRQHandler
                0x0000000008001494                OTG_HS_WKUP_IRQHandler
                0x0000000008001494                LTDC_ER_IRQHandler
                0x0000000008001494                CAN2_SCE_IRQHandler
                0x0000000008001494                DMA2_Stream2_IRQHandler
                0x0000000008001494                SPI1_IRQHandler
                0x0000000008001494                TIM6_DAC_IRQHandler
                0x0000000008001494                TIM1_BRK_TIM9_IRQHandler
                0x0000000008001494                DCMI_IRQHandler
                0x0000000008001494                CAN2_RX0_IRQHandler
                0x0000000008001494                DMA2_Stream3_IRQHandler
                0x0000000008001494                SAI2_IRQHandler
                0x0000000008001494                USART6_IRQHandler
                0x0000000008001494                USART3_IRQHandler
                0x0000000008001494                CAN1_RX1_IRQHandler
                0x0000000008001494                UART5_IRQHandler
                0x0000000008001494                DMA2_Stream0_IRQHandler
                0x0000000008001494                TIM4_IRQHandler
                0x0000000008001494                QUADSPI_IRQHandler
                0x0000000008001494                I2C1_EV_IRQHandler
                0x0000000008001494                DMA1_Stream6_IRQHandler
                0x0000000008001494                DMA1_Stream1_IRQHandler
                0x0000000008001494                UART4_IRQHandler
                0x0000000008001494                TIM3_IRQHandler
                0x0000000008001494                RCC_IRQHandler
                0x0000000008001494                TIM8_BRK_TIM12_IRQHandler
                0x0000000008001494                Default_Handler
                0x0000000008001494                CEC_IRQHandler
                0x0000000008001494                EXTI15_10_IRQHandler
                0x0000000008001494                ADC_IRQHandler
                0x0000000008001494                DMA1_Stream7_IRQHandler
                0x0000000008001494                SPI5_IRQHandler
                0x0000000008001494                TIM7_IRQHandler
                0x0000000008001494                SDMMC1_IRQHandler
                0x0000000008001494                CAN2_TX_IRQHandler
                0x0000000008001494                TIM5_IRQHandler
                0x0000000008001494                DMA2_Stream7_IRQHandler
                0x0000000008001494                I2C3_EV_IRQHandler
                0x0000000008001494                EXTI9_5_IRQHandler
                0x0000000008001494                RTC_WKUP_IRQHandler
                0x0000000008001494                LTDC_IRQHandler
                0x0000000008001494                ETH_WKUP_IRQHandler
                0x0000000008001494                SPDIF_RX_IRQHandler
                0x0000000008001494                SPI2_IRQHandler
                0x0000000008001494                OTG_HS_EP1_IN_IRQHandler
                0x0000000008001494                DMA1_Stream0_IRQHandler
                0x0000000008001494                CAN1_TX_IRQHandler
                0x0000000008001494                EXTI4_IRQHandler
                0x0000000008001494                RNG_IRQHandler
                0x0000000008001494                ETH_IRQHandler
                0x0000000008001494                OTG_HS_EP1_OUT_IRQHandler
                0x0000000008001494                WWDG_IRQHandler
                0x0000000008001494                SPI6_IRQHandler
                0x0000000008001494                I2C4_EV_IRQHandler
                0x0000000008001494                TIM2_IRQHandler
                0x0000000008001494                OTG_FS_WKUP_IRQHandler
                0x0000000008001494                TIM1_TRG_COM_TIM11_IRQHandler
                0x0000000008001494                OTG_HS_IRQHandler
                0x0000000008001494                DMA2D_IRQHandler
                0x0000000008001494                EXTI1_IRQHandler
                0x0000000008001494                UART7_IRQHandler
                0x0000000008001494                USART2_IRQHandler
                0x0000000008001494                I2C2_ER_IRQHandler
                0x0000000008001494                DMA2_Stream1_IRQHandler
                0x0000000008001494                CAN1_SCE_IRQHandler
                0x0000000008001494                FLASH_IRQHandler
                0x0000000008001494                DMA2_Stream4_IRQHandler
                0x0000000008001494                USART1_IRQHandler
                0x0000000008001494                OTG_FS_IRQHandler
                0x0000000008001494                SPI3_IRQHandler
                0x0000000008001494                DMA1_Stream4_IRQHandler
                0x0000000008001494                I2C1_ER_IRQHandler
                0x0000000008001494                FMC_IRQHandler
                0x0000000008001494                LPTIM1_IRQHandler
                0x0000000008001494                I2C4_ER_IRQHandler
                0x0000000008001494                DMA2_Stream6_IRQHandler
                0x0000000008001494                SAI1_IRQHandler
                0x0000000008001494                DMA1_Stream3_IRQHandler
 .text.HAL_Init
                0x0000000008001496       0x1a ./Drivers/STM32F7xx_HAL_Driver/Src/stm32f7xx_hal.o
                0x0000000008001496                HAL_Init
 .text.HAL_InitTick
                0x00000000080014b0       0x60 ./Drivers/STM32F7xx_HAL_Driver/Src/stm32f7xx_hal.o
                0x00000000080014b0                HAL_InitTick
 .text.HAL_IncTick
                0x0000000008001510       0x28 ./Drivers/STM32F7xx_HAL_Driver/Src/stm32f7xx_hal.o
                0x0000000008001510                HAL_IncTick
 .text.HAL_GetTick
                0x0000000008001538       0x18 ./Drivers/STM32F7xx_HAL_Driver/Src/stm32f7xx_hal.o
                0x0000000008001538                HAL_GetTick
 .text.HAL_Delay
                0x0000000008001550       0x48 ./Drivers/STM32F7xx_HAL_Driver/Src/stm32f7xx_hal.o
                0x0000000008001550                HAL_Delay
 .text.HAL_ADC_Init
                0x0000000008001598       0x88 ./Drivers/STM32F7xx_HAL_Driver/Src/stm32f7xx_hal_adc.o
                0x0000000008001598                HAL_ADC_Init
 .text.HAL_ADC_ConfigChannel
                0x0000000008001620      0x2ac ./Drivers/STM32F7xx_HAL_Driver/Src/stm32f7xx_hal_adc.o
                0x0000000008001620                HAL_ADC_ConfigChannel
 .text.ADC_Init
                0x00000000080018cc      0x1f4 ./Drivers/STM32F7xx_HAL_Driver/Src/stm32f7xx_hal_adc.o
 .text.__NVIC_SetPriorityGrouping
                0x0000000008001ac0       0x48 ./Drivers/STM32F7xx_HAL_Driver/Src/stm32f7xx_hal_cortex.o
 .text.__NVIC_GetPriorityGrouping
                0x0000000008001b08       0x1c ./Drivers/STM32F7xx_HAL_Driver/Src/stm32f7xx_hal_cortex.o
 .text.__NVIC_SetPriority
                0x0000000008001b24       0x54 ./Drivers/STM32F7xx_HAL_Driver/Src/stm32f7xx_hal_cortex.o
 .text.NVIC_EncodePriority
                0x0000000008001b78       0x66 ./Drivers/STM32F7xx_HAL_Driver/Src/stm32f7xx_hal_cortex.o
 *fill*         0x0000000008001bde        0x2 
 .text.SysTick_Config
                0x0000000008001be0       0x44 ./Drivers/STM32F7xx_HAL_Driver/Src/stm32f7xx_hal_cortex.o
 .text.HAL_NVIC_SetPriorityGrouping
                0x0000000008001c24       0x16 ./Drivers/STM32F7xx_HAL_Driver/Src/stm32f7xx_hal_cortex.o
                0x0000000008001c24                HAL_NVIC_SetPriorityGrouping
 .text.HAL_NVIC_SetPriority
                0x0000000008001c3a       0x38 ./Drivers/STM32F7xx_HAL_Driver/Src/stm32f7xx_hal_cortex.o
                0x0000000008001c3a                HAL_NVIC_SetPriority
 .text.HAL_SYSTICK_Config
                0x0000000008001c72       0x18 ./Drivers/STM32F7xx_HAL_Driver/Src/stm32f7xx_hal_cortex.o
                0x0000000008001c72                HAL_SYSTICK_Config
 *fill*         0x0000000008001c8a        0x2 
 .text.HAL_ETH_Init
                0x0000000008001c8c       0xf8 ./Drivers/STM32F7xx_HAL_Driver/Src/stm32f7xx_hal_eth.o
                0x0000000008001c8c                HAL_ETH_Init
 .text.ETH_SetMACConfig
                0x0000000008001d84      0x160 ./Drivers/STM32F7xx_HAL_Driver/Src/stm32f7xx_hal_eth.o
 .text.ETH_SetDMAConfig
                0x0000000008001ee4      0x114 ./Drivers/STM32F7xx_HAL_Driver/Src/stm32f7xx_hal_eth.o
 .text.ETH_MACDMAConfig
                0x0000000008001ff8       0xe4 ./Drivers/STM32F7xx_HAL_Driver/Src/stm32f7xx_hal_eth.o
 .text.ETH_MACAddressConfig
                0x00000000080020dc       0x70 ./Drivers/STM32F7xx_HAL_Driver/Src/stm32f7xx_hal_eth.o
 .text.ETH_DMATxDescListInit
                0x000000000800214c       0xb2 ./Drivers/STM32F7xx_HAL_Driver/Src/stm32f7xx_hal_eth.o
 .text.ETH_DMARxDescListInit
                0x00000000080021fe       0xda ./Drivers/STM32F7xx_HAL_Driver/Src/stm32f7xx_hal_eth.o
 .text.HAL_GPIO_Init
                0x00000000080022d8      0x358 ./Drivers/STM32F7xx_HAL_Driver/Src/stm32f7xx_hal_gpio.o
                0x00000000080022d8                HAL_GPIO_Init
 .text.HAL_GPIO_WritePin
                0x0000000008002630       0x32 ./Drivers/STM32F7xx_HAL_Driver/Src/stm32f7xx_hal_gpio.o
                0x0000000008002630                HAL_GPIO_WritePin
 *fill*         0x0000000008002662        0x2 
 .text.HAL_I2C_Init
                0x0000000008002664      0x120 ./Drivers/STM32F7xx_HAL_Driver/Src/stm32f7xx_hal_i2c.o
                0x0000000008002664                HAL_I2C_Init
 .text.HAL_I2C_Mem_Write
                0x0000000008002784      0x228 ./Drivers/STM32F7xx_HAL_Driver/Src/stm32f7xx_hal_i2c.o
                0x0000000008002784                HAL_I2C_Mem_Write
 .text.I2C_RequestMemoryWrite
                0x00000000080029ac       0xa8 ./Drivers/STM32F7xx_HAL_Driver/Src/stm32f7xx_hal_i2c.o
 .text.I2C_Flush_TXDR
                0x0000000008002a54       0x48 ./Drivers/STM32F7xx_HAL_Driver/Src/stm32f7xx_hal_i2c.o
 .text.I2C_WaitOnFlagUntilTimeout
                0x0000000008002a9c       0x80 ./Drivers/STM32F7xx_HAL_Driver/Src/stm32f7xx_hal_i2c.o
 .text.I2C_WaitOnTXISFlagUntilTimeout
                0x0000000008002b1c       0x80 ./Drivers/STM32F7xx_HAL_Driver/Src/stm32f7xx_hal_i2c.o
 .text.I2C_WaitOnSTOPFlagUntilTimeout
                0x0000000008002b9c       0x78 ./Drivers/STM32F7xx_HAL_Driver/Src/stm32f7xx_hal_i2c.o
 .text.I2C_IsErrorOccurred
                0x0000000008002c14      0x1c0 ./Drivers/STM32F7xx_HAL_Driver/Src/stm32f7xx_hal_i2c.o
 .text.I2C_TransferConfig
                0x0000000008002dd4       0x64 ./Drivers/STM32F7xx_HAL_Driver/Src/stm32f7xx_hal_i2c.o
 .text.HAL_I2CEx_ConfigAnalogFilter
                0x0000000008002e38       0x96 ./Drivers/STM32F7xx_HAL_Driver/Src/stm32f7xx_hal_i2c_ex.o
                0x0000000008002e38                HAL_I2CEx_ConfigAnalogFilter
 .text.HAL_I2CEx_ConfigDigitalFilter
                0x0000000008002ece       0x98 ./Drivers/STM32F7xx_HAL_Driver/Src/stm32f7xx_hal_i2c_ex.o
                0x0000000008002ece                HAL_I2CEx_ConfigDigitalFilter
 .text.HAL_PCD_Init
                0x0000000008002f66      0x248 ./Drivers/STM32F7xx_HAL_Driver/Src/stm32f7xx_hal_pcd.o
                0x0000000008002f66                HAL_PCD_Init
 *fill*         0x00000000080031ae        0x2 
 .text.HAL_PCDEx_ActivateLPM
                0x00000000080031b0       0x48 ./Drivers/STM32F7xx_HAL_Driver/Src/stm32f7xx_hal_pcd_ex.o
                0x00000000080031b0                HAL_PCDEx_ActivateLPM
 .text.HAL_PWR_EnableBkUpAccess
                0x00000000080031f8       0x20 ./Drivers/STM32F7xx_HAL_Driver/Src/stm32f7xx_hal_pwr.o
                0x00000000080031f8                HAL_PWR_EnableBkUpAccess
 .text.HAL_RCC_OscConfig
                0x0000000008003218      0x548 ./Drivers/STM32F7xx_HAL_Driver/Src/stm32f7xx_hal_rcc.o
                0x0000000008003218                HAL_RCC_OscConfig
 .text.HAL_RCC_ClockConfig
                0x0000000008003760      0x1d8 ./Drivers/STM32F7xx_HAL_Driver/Src/stm32f7xx_hal_rcc.o
                0x0000000008003760                HAL_RCC_ClockConfig
 .text.HAL_RCC_GetSysClockFreq
                0x0000000008003938      0x20c ./Drivers/STM32F7xx_HAL_Driver/Src/stm32f7xx_hal_rcc.o
                0x0000000008003938                HAL_RCC_GetSysClockFreq
 .text.HAL_RCC_GetHCLKFreq
                0x0000000008003b44       0x18 ./Drivers/STM32F7xx_HAL_Driver/Src/stm32f7xx_hal_rcc.o
                0x0000000008003b44                HAL_RCC_GetHCLKFreq
 .text.HAL_RCC_GetPCLK1Freq
                0x0000000008003b5c       0x28 ./Drivers/STM32F7xx_HAL_Driver/Src/stm32f7xx_hal_rcc.o
                0x0000000008003b5c                HAL_RCC_GetPCLK1Freq
 .text.HAL_RCC_GetPCLK2Freq
                0x0000000008003b84       0x28 ./Drivers/STM32F7xx_HAL_Driver/Src/stm32f7xx_hal_rcc.o
                0x0000000008003b84                HAL_RCC_GetPCLK2Freq
 .text.HAL_RCCEx_PeriphCLKConfig
                0x0000000008003bac      0x7e0 ./Drivers/STM32F7xx_HAL_Driver/Src/stm32f7xx_hal_rcc_ex.o
                0x0000000008003bac                HAL_RCCEx_PeriphCLKConfig
 .text.HAL_UART_Init
                0x000000000800438c       0x9c ./Drivers/STM32F7xx_HAL_Driver/Src/stm32f7xx_hal_uart.o
                0x000000000800438c                HAL_UART_Init
 .text.UART_SetConfig
                0x0000000008004428      0x4c8 ./Drivers/STM32F7xx_HAL_Driver/Src/stm32f7xx_hal_uart.o
                0x0000000008004428                UART_SetConfig
 .text.UART_AdvFeatureConfig
                0x00000000080048f0      0x144 ./Drivers/STM32F7xx_HAL_Driver/Src/stm32f7xx_hal_uart.o
                0x00000000080048f0                UART_AdvFeatureConfig
 .text.UART_CheckIdleState
                0x0000000008004a34       0x6e ./Drivers/STM32F7xx_HAL_Driver/Src/stm32f7xx_hal_uart.o
                0x0000000008004a34                UART_CheckIdleState
 .text.UART_WaitOnFlagUntilTimeout
                0x0000000008004aa2      0x18c ./Drivers/STM32F7xx_HAL_Driver/Src/stm32f7xx_hal_uart.o
                0x0000000008004aa2                UART_WaitOnFlagUntilTimeout
 *fill*         0x0000000008004c2e        0x2 
 .text.USB_CoreInit
                0x0000000008004c30       0xb0 ./Drivers/STM32F7xx_HAL_Driver/Src/stm32f7xx_ll_usb.o
                0x0000000008004c30                USB_CoreInit
 .text.USB_DisableGlobalInt
                0x0000000008004ce0       0x22 ./Drivers/STM32F7xx_HAL_Driver/Src/stm32f7xx_ll_usb.o
                0x0000000008004ce0                USB_DisableGlobalInt
 .text.USB_SetCurrentMode
                0x0000000008004d02       0x98 ./Drivers/STM32F7xx_HAL_Driver/Src/stm32f7xx_ll_usb.o
                0x0000000008004d02                USB_SetCurrentMode
 *fill*         0x0000000008004d9a        0x2 
 .text.USB_DevInit
                0x0000000008004d9c      0x2bc ./Drivers/STM32F7xx_HAL_Driver/Src/stm32f7xx_ll_usb.o
                0x0000000008004d9c                USB_DevInit
 .text.USB_FlushTxFifo
                0x0000000008005058       0x68 ./Drivers/STM32F7xx_HAL_Driver/Src/stm32f7xx_ll_usb.o
                0x0000000008005058                USB_FlushTxFifo
 .text.USB_FlushRxFifo
                0x00000000080050c0       0x60 ./Drivers/STM32F7xx_HAL_Driver/Src/stm32f7xx_ll_usb.o
                0x00000000080050c0                USB_FlushRxFifo
 .text.USB_SetDevSpeed
                0x0000000008005120       0x32 ./Drivers/STM32F7xx_HAL_Driver/Src/stm32f7xx_ll_usb.o
                0x0000000008005120                USB_SetDevSpeed
 .text.USB_DevDisconnect
                0x0000000008005152       0x42 ./Drivers/STM32F7xx_HAL_Driver/Src/stm32f7xx_ll_usb.o
                0x0000000008005152                USB_DevDisconnect
 .text.USB_GetMode
                0x0000000008005194       0x1c ./Drivers/STM32F7xx_HAL_Driver/Src/stm32f7xx_ll_usb.o
                0x0000000008005194                USB_GetMode
 .text.USB_CoreReset
                0x00000000080051b0       0x68 ./Drivers/STM32F7xx_HAL_Driver/Src/stm32f7xx_ll_usb.o
 .text.__libc_init_array
                0x0000000008005218       0x48 c:/st/stm32cubeide_1.12.0/stm32cubeide/plugins/com.st.stm32cube.ide.mcu.externaltools.gnu-tools-for-stm32.10.3-2021.10.win32_1.0.200.202301161003/tools/bin/../lib/gcc/arm-none-eabi/10.3.1/../../../../arm-none-eabi/lib/thumb/v7e-m+fp/hard\libc_nano.a(lib_a-init.o)
                0x0000000008005218                __libc_init_array
 .text.memset   0x0000000008005260       0x10 c:/st/stm32cubeide_1.12.0/stm32cubeide/plugins/com.st.stm32cube.ide.mcu.externaltools.gnu-tools-for-stm32.10.3-2021.10.win32_1.0.200.202301161003/tools/bin/../lib/gcc/arm-none-eabi/10.3.1/../../../../arm-none-eabi/lib/thumb/v7e-m+fp/hard\libc_nano.a(lib_a-memset.o)
                0x0000000008005260                memset
 *(.glue_7)
 .glue_7        0x0000000008005270        0x0 linker stubs
 *(.glue_7t)
 .glue_7t       0x0000000008005270        0x0 linker stubs
 *(.eh_frame)
 .eh_frame      0x0000000008005270        0x0 c:/st/stm32cubeide_1.12.0/stm32cubeide/plugins/com.st.stm32cube.ide.mcu.externaltools.gnu-tools-for-stm32.10.3-2021.10.win32_1.0.200.202301161003/tools/bin/../lib/gcc/arm-none-eabi/10.3.1/thumb/v7e-m+fp/hard/crtbegin.o
 *(.init)
 .init          0x0000000008005270        0x4 c:/st/stm32cubeide_1.12.0/stm32cubeide/plugins/com.st.stm32cube.ide.mcu.externaltools.gnu-tools-for-stm32.10.3-2021.10.win32_1.0.200.202301161003/tools/bin/../lib/gcc/arm-none-eabi/10.3.1/thumb/v7e-m+fp/hard/crti.o
                0x0000000008005270                _init
 .init          0x0000000008005274        0x8 c:/st/stm32cubeide_1.12.0/stm32cubeide/plugins/com.st.stm32cube.ide.mcu.externaltools.gnu-tools-for-stm32.10.3-2021.10.win32_1.0.200.202301161003/tools/bin/../lib/gcc/arm-none-eabi/10.3.1/thumb/v7e-m+fp/hard/crtn.o
 *(.fini)
 .fini          0x000000000800527c        0x4 c:/st/stm32cubeide_1.12.0/stm32cubeide/plugins/com.st.stm32cube.ide.mcu.externaltools.gnu-tools-for-stm32.10.3-2021.10.win32_1.0.200.202301161003/tools/bin/../lib/gcc/arm-none-eabi/10.3.1/thumb/v7e-m+fp/hard/crti.o
                0x000000000800527c                _fini
 .fini          0x0000000008005280        0x8 c:/st/stm32cubeide_1.12.0/stm32cubeide/plugins/com.st.stm32cube.ide.mcu.externaltools.gnu-tools-for-stm32.10.3-2021.10.win32_1.0.200.202301161003/tools/bin/../lib/gcc/arm-none-eabi/10.3.1/thumb/v7e-m+fp/hard/crtn.o
                0x0000000008005288                . = ALIGN (0x4)
                0x0000000008005288                _etext = .

.vfp11_veneer   0x0000000008005288        0x0
 .vfp11_veneer  0x0000000008005288        0x0 linker stubs

.v4_bx          0x0000000008005288        0x0
 .v4_bx         0x0000000008005288        0x0 linker stubs

.iplt           0x0000000008005288        0x0
 .iplt          0x0000000008005288        0x0 c:/st/stm32cubeide_1.12.0/stm32cubeide/plugins/com.st.stm32cube.ide.mcu.externaltools.gnu-tools-for-stm32.10.3-2021.10.win32_1.0.200.202301161003/tools/bin/../lib/gcc/arm-none-eabi/10.3.1/thumb/v7e-m+fp/hard/crtbegin.o

.rodata         0x0000000008005288     0x1b48
                0x0000000008005288                . = ALIGN (0x4)
 *(.rodata)
 .rodata        0x0000000008005288       0x76 ./Core/Src/ssd1306_tests.o
 *(.rodata*)
 *fill*         0x00000000080052fe        0x2 
 .rodata.Font7x10
                0x0000000008005300      0x76c ./Core/Src/ssd1306_fonts.o
 .rodata.Font11x18
                0x0000000008005a6c      0xd5c ./Core/Src/ssd1306_fonts.o
 .rodata.Font6x8
                0x00000000080067c8      0x5f0 ./Core/Src/ssd1306_fonts.o
 .rodata.AHBPrescTable
                0x0000000008006db8       0x10 ./Core/Src/system_stm32f7xx.o
                0x0000000008006db8                AHBPrescTable
 .rodata.APBPrescTable
                0x0000000008006dc8        0x8 ./Core/Src/system_stm32f7xx.o
                0x0000000008006dc8                APBPrescTable
                0x0000000008006dd0                . = ALIGN (0x4)

.ARM.extab      0x0000000008006dd0        0x0
                0x0000000008006dd0                . = ALIGN (0x4)
 *(.ARM.extab* .gnu.linkonce.armextab.*)
                0x0000000008006dd0                . = ALIGN (0x4)

.ARM            0x0000000008006dd0        0x8
                0x0000000008006dd0                . = ALIGN (0x4)
                0x0000000008006dd0                __exidx_start = .
 *(.ARM.exidx*)
 .ARM.exidx     0x0000000008006dd0        0x8 c:/st/stm32cubeide_1.12.0/stm32cubeide/plugins/com.st.stm32cube.ide.mcu.externaltools.gnu-tools-for-stm32.10.3-2021.10.win32_1.0.200.202301161003/tools/bin/../lib/gcc/arm-none-eabi/10.3.1/thumb/v7e-m+fp/hard\libgcc.a(_udivmoddi4.o)
                0x0000000008006dd8                __exidx_end = .
                0x0000000008006dd8                . = ALIGN (0x4)

.rel.dyn        0x0000000008006dd8        0x0
 .rel.iplt      0x0000000008006dd8        0x0 c:/st/stm32cubeide_1.12.0/stm32cubeide/plugins/com.st.stm32cube.ide.mcu.externaltools.gnu-tools-for-stm32.10.3-2021.10.win32_1.0.200.202301161003/tools/bin/../lib/gcc/arm-none-eabi/10.3.1/thumb/v7e-m+fp/hard/crtbegin.o

.preinit_array  0x0000000008006dd8        0x0
                0x0000000008006dd8                . = ALIGN (0x4)
                0x0000000008006dd8                PROVIDE (__preinit_array_start = .)
 *(.preinit_array*)
                0x0000000008006dd8                PROVIDE (__preinit_array_end = .)
                0x0000000008006dd8                . = ALIGN (0x4)

.init_array     0x0000000008006dd8        0x4
                0x0000000008006dd8                . = ALIGN (0x4)
                0x0000000008006dd8                PROVIDE (__init_array_start = .)
 *(SORT_BY_NAME(.init_array.*))
 *(.init_array*)
 .init_array    0x0000000008006dd8        0x4 c:/st/stm32cubeide_1.12.0/stm32cubeide/plugins/com.st.stm32cube.ide.mcu.externaltools.gnu-tools-for-stm32.10.3-2021.10.win32_1.0.200.202301161003/tools/bin/../lib/gcc/arm-none-eabi/10.3.1/thumb/v7e-m+fp/hard/crtbegin.o
                0x0000000008006ddc                PROVIDE (__init_array_end = .)
                0x0000000008006ddc                . = ALIGN (0x4)

.fini_array     0x0000000008006ddc        0x4
                0x0000000008006ddc                . = ALIGN (0x4)
                [!provide]                        PROVIDE (__fini_array_start = .)
 *(SORT_BY_NAME(.fini_array.*))
 *(.fini_array*)
 .fini_array    0x0000000008006ddc        0x4 c:/st/stm32cubeide_1.12.0/stm32cubeide/plugins/com.st.stm32cube.ide.mcu.externaltools.gnu-tools-for-stm32.10.3-2021.10.win32_1.0.200.202301161003/tools/bin/../lib/gcc/arm-none-eabi/10.3.1/thumb/v7e-m+fp/hard/crtbegin.o
                [!provide]                        PROVIDE (__fini_array_end = .)
                0x0000000008006de0                . = ALIGN (0x4)
                0x0000000008006de0                _sidata = LOADADDR (.data)

.data           0x0000000020000000       0x24 load address 0x0000000008006de0
                0x0000000020000000                . = ALIGN (0x4)
                0x0000000020000000                _sdata = .
 *(.data)
 *(.data*)
 .data.Font_6x8
                0x0000000020000000        0x8 ./Core/Src/ssd1306_fonts.o
                0x0000000020000000                Font_6x8
 .data.Font_7x10
                0x0000000020000008        0x8 ./Core/Src/ssd1306_fonts.o
                0x0000000020000008                Font_7x10
 .data.Font_11x18
                0x0000000020000010        0x8 ./Core/Src/ssd1306_fonts.o
                0x0000000020000010                Font_11x18
 .data.SystemCoreClock
                0x0000000020000018        0x4 ./Core/Src/system_stm32f7xx.o
                0x0000000020000018                SystemCoreClock
 .data.uwTickPrio
                0x000000002000001c        0x4 ./Drivers/STM32F7xx_HAL_Driver/Src/stm32f7xx_hal.o
                0x000000002000001c                uwTickPrio
 .data.uwTickFreq
                0x0000000020000020        0x1 ./Drivers/STM32F7xx_HAL_Driver/Src/stm32f7xx_hal.o
                0x0000000020000020                uwTickFreq
 *(.RamFunc)
 *(.RamFunc*)
                0x0000000020000024                . = ALIGN (0x4)
 *fill*         0x0000000020000021        0x3 
                0x0000000020000024                _edata = .

.igot.plt       0x0000000020000024        0x0 load address 0x0000000008006e04
 .igot.plt      0x0000000020000024        0x0 c:/st/stm32cubeide_1.12.0/stm32cubeide/plugins/com.st.stm32cube.ide.mcu.externaltools.gnu-tools-for-stm32.10.3-2021.10.win32_1.0.200.202301161003/tools/bin/../lib/gcc/arm-none-eabi/10.3.1/thumb/v7e-m+fp/hard/crtbegin.o

.RxDecripSection
                0x0000000020000024       0xa0 load address 0x0000000008006e04
 .RxDecripSection
                0x0000000020000024       0xa0 ./Core/Src/main.o
                0x0000000020000024                DMARxDscrTab

.TxDecripSection
                0x00000000200000c4       0xa0 load address 0x0000000008006ea4
 .TxDecripSection
                0x00000000200000c4       0xa0 ./Core/Src/main.o
                0x00000000200000c4                DMATxDscrTab
                0x0000000020000164                . = ALIGN (0x4)

.bss            0x0000000020000164      0xb44 load address 0x0000000008006f44
                0x0000000020000164                _sbss = .
                0x0000000020000164                __bss_start__ = _sbss
 *(.bss)
 .bss           0x0000000020000164       0x1c c:/st/stm32cubeide_1.12.0/stm32cubeide/plugins/com.st.stm32cube.ide.mcu.externaltools.gnu-tools-for-stm32.10.3-2021.10.win32_1.0.200.202301161003/tools/bin/../lib/gcc/arm-none-eabi/10.3.1/thumb/v7e-m+fp/hard/crtbegin.o
 *(.bss*)
 .bss.TxConfig  0x0000000020000180       0x38 ./Core/Src/main.o
                0x0000000020000180                TxConfig
 .bss.hadc1     0x00000000200001b8       0x48 ./Core/Src/main.o
                0x00000000200001b8                hadc1
 .bss.heth      0x0000000020000200       0xb0 ./Core/Src/main.o
                0x0000000020000200                heth
 .bss.hi2c2     0x00000000200002b0       0x54 ./Core/Src/main.o
                0x00000000200002b0                hi2c2
 .bss.huart3    0x0000000020000304       0x88 ./Core/Src/main.o
                0x0000000020000304                huart3
 .bss.hpcd_USB_OTG_FS
                0x000000002000038c      0x508 ./Core/Src/main.o
                0x000000002000038c                hpcd_USB_OTG_FS
 .bss.MACAddr.0
                0x0000000020000894        0x6 ./Core/Src/main.o
 *fill*         0x000000002000089a        0x2 
 .bss.SSD1306_Buffer
                0x000000002000089c      0x400 ./Core/Src/ssd1306.o
 .bss.SSD1306   0x0000000020000c9c        0x6 ./Core/Src/ssd1306.o
 *fill*         0x0000000020000ca2        0x2 
 .bss.uwTick    0x0000000020000ca4        0x4 ./Drivers/STM32F7xx_HAL_Driver/Src/stm32f7xx_hal.o
                0x0000000020000ca4                uwTick
 *(COMMON)
                0x0000000020000ca8                . = ALIGN (0x4)
                0x0000000020000ca8                _ebss = .
                0x0000000020000ca8                __bss_end__ = _ebss

._user_heap_stack
                0x0000000020000ca8      0x600 load address 0x0000000008006f44
                0x0000000020000ca8                . = ALIGN (0x8)
                [!provide]                        PROVIDE (end = .)
                0x0000000020000ca8                PROVIDE (_end = .)
                0x0000000020000ea8                . = (. + _Min_Heap_Size)
 *fill*         0x0000000020000ca8      0x200 
                0x00000000200012a8                . = (. + _Min_Stack_Size)
 *fill*         0x0000000020000ea8      0x400 
                0x00000000200012a8                . = ALIGN (0x8)

/DISCARD/
 libc.a(*)
 libm.a(*)
 libgcc.a(*)

.ARM.attributes
                0x0000000000000000       0x30
 *(.ARM.attributes)
 .ARM.attributes
                0x0000000000000000       0x1e c:/st/stm32cubeide_1.12.0/stm32cubeide/plugins/com.st.stm32cube.ide.mcu.externaltools.gnu-tools-for-stm32.10.3-2021.10.win32_1.0.200.202301161003/tools/bin/../lib/gcc/arm-none-eabi/10.3.1/thumb/v7e-m+fp/hard/crti.o
 .ARM.attributes
                0x000000000000001e       0x34 c:/st/stm32cubeide_1.12.0/stm32cubeide/plugins/com.st.stm32cube.ide.mcu.externaltools.gnu-tools-for-stm32.10.3-2021.10.win32_1.0.200.202301161003/tools/bin/../lib/gcc/arm-none-eabi/10.3.1/thumb/v7e-m+fp/hard/crtbegin.o
 .ARM.attributes
                0x0000000000000052       0x34 ./Core/Src/main.o
 .ARM.attributes
                0x0000000000000086       0x34 ./Core/Src/ssd1306.o
 .ARM.attributes
                0x00000000000000ba       0x34 ./Core/Src/ssd1306_fonts.o
 .ARM.attributes
                0x00000000000000ee       0x34 ./Core/Src/ssd1306_tests.o
 .ARM.attributes
                0x0000000000000122       0x34 ./Core/Src/stm32f7xx_hal_msp.o
 .ARM.attributes
                0x0000000000000156       0x34 ./Core/Src/stm32f7xx_it.o
 .ARM.attributes
                0x000000000000018a       0x34 ./Core/Src/system_stm32f7xx.o
 .ARM.attributes
                0x00000000000001be       0x21 ./Core/Startup/startup_stm32f746zgtx.o
 .ARM.attributes
                0x00000000000001df       0x34 ./Drivers/STM32F7xx_HAL_Driver/Src/stm32f7xx_hal.o
 .ARM.attributes
                0x0000000000000213       0x34 ./Drivers/STM32F7xx_HAL_Driver/Src/stm32f7xx_hal_adc.o
 .ARM.attributes
                0x0000000000000247       0x34 ./Drivers/STM32F7xx_HAL_Driver/Src/stm32f7xx_hal_cortex.o
 .ARM.attributes
                0x000000000000027b       0x34 ./Drivers/STM32F7xx_HAL_Driver/Src/stm32f7xx_hal_eth.o
 .ARM.attributes
                0x00000000000002af       0x34 ./Drivers/STM32F7xx_HAL_Driver/Src/stm32f7xx_hal_gpio.o
 .ARM.attributes
                0x00000000000002e3       0x34 ./Drivers/STM32F7xx_HAL_Driver/Src/stm32f7xx_hal_i2c.o
 .ARM.attributes
                0x0000000000000317       0x34 ./Drivers/STM32F7xx_HAL_Driver/Src/stm32f7xx_hal_i2c_ex.o
 .ARM.attributes
                0x000000000000034b       0x34 ./Drivers/STM32F7xx_HAL_Driver/Src/stm32f7xx_hal_pcd.o
 .ARM.attributes
                0x000000000000037f       0x34 ./Drivers/STM32F7xx_HAL_Driver/Src/stm32f7xx_hal_pcd_ex.o
 .ARM.attributes
                0x00000000000003b3       0x34 ./Drivers/STM32F7xx_HAL_Driver/Src/stm32f7xx_hal_pwr.o
 .ARM.attributes
                0x00000000000003e7       0x34 ./Drivers/STM32F7xx_HAL_Driver/Src/stm32f7xx_hal_rcc.o
 .ARM.attributes
                0x000000000000041b       0x34 ./Drivers/STM32F7xx_HAL_Driver/Src/stm32f7xx_hal_rcc_ex.o
 .ARM.attributes
                0x000000000000044f       0x34 ./Drivers/STM32F7xx_HAL_Driver/Src/stm32f7xx_hal_uart.o
 .ARM.attributes
                0x0000000000000483       0x34 ./Drivers/STM32F7xx_HAL_Driver/Src/stm32f7xx_ll_usb.o
 .ARM.attributes
                0x00000000000004b7       0x34 c:/st/stm32cubeide_1.12.0/stm32cubeide/plugins/com.st.stm32cube.ide.mcu.externaltools.gnu-tools-for-stm32.10.3-2021.10.win32_1.0.200.202301161003/tools/bin/../lib/gcc/arm-none-eabi/10.3.1/../../../../arm-none-eabi/lib/thumb/v7e-m+fp/hard\libc_nano.a(lib_a-init.o)
 .ARM.attributes
                0x00000000000004eb       0x34 c:/st/stm32cubeide_1.12.0/stm32cubeide/plugins/com.st.stm32cube.ide.mcu.externaltools.gnu-tools-for-stm32.10.3-2021.10.win32_1.0.200.202301161003/tools/bin/../lib/gcc/arm-none-eabi/10.3.1/../../../../arm-none-eabi/lib/thumb/v7e-m+fp/hard\libc_nano.a(lib_a-memset.o)
 .ARM.attributes
                0x000000000000051f       0x1e c:/st/stm32cubeide_1.12.0/stm32cubeide/plugins/com.st.stm32cube.ide.mcu.externaltools.gnu-tools-for-stm32.10.3-2021.10.win32_1.0.200.202301161003/tools/bin/../lib/gcc/arm-none-eabi/10.3.1/thumb/v7e-m+fp/hard\libgcc.a(_aeabi_uldivmod.o)
 .ARM.attributes
                0x000000000000053d       0x34 c:/st/stm32cubeide_1.12.0/stm32cubeide/plugins/com.st.stm32cube.ide.mcu.externaltools.gnu-tools-for-stm32.10.3-2021.10.win32_1.0.200.202301161003/tools/bin/../lib/gcc/arm-none-eabi/10.3.1/thumb/v7e-m+fp/hard\libgcc.a(_udivmoddi4.o)
 .ARM.attributes
                0x0000000000000571       0x1e c:/st/stm32cubeide_1.12.0/stm32cubeide/plugins/com.st.stm32cube.ide.mcu.externaltools.gnu-tools-for-stm32.10.3-2021.10.win32_1.0.200.202301161003/tools/bin/../lib/gcc/arm-none-eabi/10.3.1/thumb/v7e-m+fp/hard\libgcc.a(_dvmd_tls.o)
 .ARM.attributes
                0x000000000000058f       0x1e c:/st/stm32cubeide_1.12.0/stm32cubeide/plugins/com.st.stm32cube.ide.mcu.externaltools.gnu-tools-for-stm32.10.3-2021.10.win32_1.0.200.202301161003/tools/bin/../lib/gcc/arm-none-eabi/10.3.1/thumb/v7e-m+fp/hard/crtn.o
OUTPUT(OHMIO-FINAL.elf elf32-littlearm)
LOAD linker stubs
LOAD c:/st/stm32cubeide_1.12.0/stm32cubeide/plugins/com.st.stm32cube.ide.mcu.externaltools.gnu-tools-for-stm32.10.3-2021.10.win32_1.0.200.202301161003/tools/bin/../lib/gcc/arm-none-eabi/10.3.1/../../../../arm-none-eabi/lib/thumb/v7e-m+fp/hard\libc.a
LOAD c:/st/stm32cubeide_1.12.0/stm32cubeide/plugins/com.st.stm32cube.ide.mcu.externaltools.gnu-tools-for-stm32.10.3-2021.10.win32_1.0.200.202301161003/tools/bin/../lib/gcc/arm-none-eabi/10.3.1/../../../../arm-none-eabi/lib/thumb/v7e-m+fp/hard\libm.a
LOAD c:/st/stm32cubeide_1.12.0/stm32cubeide/plugins/com.st.stm32cube.ide.mcu.externaltools.gnu-tools-for-stm32.10.3-2021.10.win32_1.0.200.202301161003/tools/bin/../lib/gcc/arm-none-eabi/10.3.1/thumb/v7e-m+fp/hard\libgcc.a

.debug_info     0x0000000000000000    0x17a20
 .debug_info    0x0000000000000000     0x2423 ./Core/Src/main.o
 .debug_info    0x0000000000002423     0x12de ./Core/Src/ssd1306.o
 .debug_info    0x0000000000003701      0x236 ./Core/Src/ssd1306_fonts.o
 .debug_info    0x0000000000003937      0x62c ./Core/Src/ssd1306_tests.o
 .debug_info    0x0000000000003f63     0x22f3 ./Core/Src/stm32f7xx_hal_msp.o
 .debug_info    0x0000000000006256      0x121 ./Core/Src/stm32f7xx_it.o
 .debug_info    0x0000000000006377      0x72c ./Core/Src/system_stm32f7xx.o
 .debug_info    0x0000000000006aa3       0x22 ./Core/Startup/startup_stm32f746zgtx.o
 .debug_info    0x0000000000006ac5      0xa0c ./Drivers/STM32F7xx_HAL_Driver/Src/stm32f7xx_hal.o
 .debug_info    0x00000000000074d1      0xd19 ./Drivers/STM32F7xx_HAL_Driver/Src/stm32f7xx_hal_adc.o
 .debug_info    0x00000000000081ea     0x105a ./Drivers/STM32F7xx_HAL_Driver/Src/stm32f7xx_hal_cortex.o
 .debug_info    0x0000000000009244     0x2258 ./Drivers/STM32F7xx_HAL_Driver/Src/stm32f7xx_hal_eth.o
 .debug_info    0x000000000000b49c      0x794 ./Drivers/STM32F7xx_HAL_Driver/Src/stm32f7xx_hal_gpio.o
 .debug_info    0x000000000000bc30     0x22d3 ./Drivers/STM32F7xx_HAL_Driver/Src/stm32f7xx_hal_i2c.o
 .debug_info    0x000000000000df03      0x9d4 ./Drivers/STM32F7xx_HAL_Driver/Src/stm32f7xx_hal_i2c_ex.o
 .debug_info    0x000000000000e8d7     0x16c1 ./Drivers/STM32F7xx_HAL_Driver/Src/stm32f7xx_hal_pcd.o
 .debug_info    0x000000000000ff98      0x7df ./Drivers/STM32F7xx_HAL_Driver/Src/stm32f7xx_hal_pcd_ex.o
 .debug_info    0x0000000000010777      0x978 ./Drivers/STM32F7xx_HAL_Driver/Src/stm32f7xx_hal_pwr.o
 .debug_info    0x00000000000110ef      0x99c ./Drivers/STM32F7xx_HAL_Driver/Src/stm32f7xx_hal_rcc.o
 .debug_info    0x0000000000011a8b      0x764 ./Drivers/STM32F7xx_HAL_Driver/Src/stm32f7xx_hal_rcc_ex.o
 .debug_info    0x00000000000121ef     0x3ccc ./Drivers/STM32F7xx_HAL_Driver/Src/stm32f7xx_hal_uart.o
 .debug_info    0x0000000000015ebb     0x1b65 ./Drivers/STM32F7xx_HAL_Driver/Src/stm32f7xx_ll_usb.o

.debug_abbrev   0x0000000000000000     0x2d50
 .debug_abbrev  0x0000000000000000      0x364 ./Core/Src/main.o
 .debug_abbrev  0x0000000000000364      0x35a ./Core/Src/ssd1306.o
 .debug_abbrev  0x00000000000006be       0xbe ./Core/Src/ssd1306_fonts.o
 .debug_abbrev  0x000000000000077c      0x215 ./Core/Src/ssd1306_tests.o
 .debug_abbrev  0x0000000000000991      0x273 ./Core/Src/stm32f7xx_hal_msp.o
 .debug_abbrev  0x0000000000000c04       0x74 ./Core/Src/stm32f7xx_it.o
 .debug_abbrev  0x0000000000000c78      0x136 ./Core/Src/system_stm32f7xx.o
 .debug_abbrev  0x0000000000000dae       0x12 ./Core/Startup/startup_stm32f746zgtx.o
 .debug_abbrev  0x0000000000000dc0      0x20d ./Drivers/STM32F7xx_HAL_Driver/Src/stm32f7xx_hal.o
 .debug_abbrev  0x0000000000000fcd      0x244 ./Drivers/STM32F7xx_HAL_Driver/Src/stm32f7xx_hal_adc.o
 .debug_abbrev  0x0000000000001211      0x316 ./Drivers/STM32F7xx_HAL_Driver/Src/stm32f7xx_hal_cortex.o
 .debug_abbrev  0x0000000000001527      0x2d3 ./Drivers/STM32F7xx_HAL_Driver/Src/stm32f7xx_hal_eth.o
 .debug_abbrev  0x00000000000017fa      0x1c4 ./Drivers/STM32F7xx_HAL_Driver/Src/stm32f7xx_hal_gpio.o
 .debug_abbrev  0x00000000000019be      0x243 ./Drivers/STM32F7xx_HAL_Driver/Src/stm32f7xx_hal_i2c.o
 .debug_abbrev  0x0000000000001c01      0x18e ./Drivers/STM32F7xx_HAL_Driver/Src/stm32f7xx_hal_i2c_ex.o
 .debug_abbrev  0x0000000000001d8f      0x2d2 ./Drivers/STM32F7xx_HAL_Driver/Src/stm32f7xx_hal_pcd.o
 .debug_abbrev  0x0000000000002061      0x1bd ./Drivers/STM32F7xx_HAL_Driver/Src/stm32f7xx_hal_pcd_ex.o
 .debug_abbrev  0x000000000000221e      0x1b8 ./Drivers/STM32F7xx_HAL_Driver/Src/stm32f7xx_hal_pwr.o
 .debug_abbrev  0x00000000000023d6      0x27b ./Drivers/STM32F7xx_HAL_Driver/Src/stm32f7xx_hal_rcc.o
 .debug_abbrev  0x0000000000002651      0x1b9 ./Drivers/STM32F7xx_HAL_Driver/Src/stm32f7xx_hal_rcc_ex.o
 .debug_abbrev  0x000000000000280a      0x2ce ./Drivers/STM32F7xx_HAL_Driver/Src/stm32f7xx_hal_uart.o
 .debug_abbrev  0x0000000000002ad8      0x278 ./Drivers/STM32F7xx_HAL_Driver/Src/stm32f7xx_ll_usb.o

.debug_aranges  0x0000000000000000     0x11f0
 .debug_aranges
                0x0000000000000000       0x60 ./Core/Src/main.o
 .debug_aranges
                0x0000000000000060       0xe0 ./Core/Src/ssd1306.o
 .debug_aranges
                0x0000000000000140       0x18 ./Core/Src/ssd1306_fonts.o
 .debug_aranges
                0x0000000000000158       0x90 ./Core/Src/ssd1306_tests.o
 .debug_aranges
                0x00000000000001e8       0x70 ./Core/Src/stm32f7xx_hal_msp.o
 .debug_aranges
                0x0000000000000258       0x60 ./Core/Src/stm32f7xx_it.o
 .debug_aranges
                0x00000000000002b8       0x28 ./Core/Src/system_stm32f7xx.o
 .debug_aranges
                0x00000000000002e0       0x28 ./Core/Startup/startup_stm32f746zgtx.o
 .debug_aranges
                0x0000000000000308      0x100 ./Drivers/STM32F7xx_HAL_Driver/Src/stm32f7xx_hal.o
 .debug_aranges
                0x0000000000000408       0xe8 ./Drivers/STM32F7xx_HAL_Driver/Src/stm32f7xx_hal_adc.o
 .debug_aranges
                0x00000000000004f0      0x118 ./Drivers/STM32F7xx_HAL_Driver/Src/stm32f7xx_hal_cortex.o
 .debug_aranges
                0x0000000000000608      0x1e0 ./Drivers/STM32F7xx_HAL_Driver/Src/stm32f7xx_hal_eth.o
 .debug_aranges
                0x00000000000007e8       0x58 ./Drivers/STM32F7xx_HAL_Driver/Src/stm32f7xx_hal_gpio.o
 .debug_aranges
                0x0000000000000840      0x2a0 ./Drivers/STM32F7xx_HAL_Driver/Src/stm32f7xx_hal_i2c.o
 .debug_aranges
                0x0000000000000ae0       0x38 ./Drivers/STM32F7xx_HAL_Driver/Src/stm32f7xx_hal_i2c_ex.o
 .debug_aranges
                0x0000000000000b18      0x148 ./Drivers/STM32F7xx_HAL_Driver/Src/stm32f7xx_hal_pcd.o
 .debug_aranges
                0x0000000000000c60       0x48 ./Drivers/STM32F7xx_HAL_Driver/Src/stm32f7xx_hal_pcd_ex.o
 .debug_aranges
                0x0000000000000ca8       0xa0 ./Drivers/STM32F7xx_HAL_Driver/Src/stm32f7xx_hal_pwr.o
 .debug_aranges
                0x0000000000000d48       0x88 ./Drivers/STM32F7xx_HAL_Driver/Src/stm32f7xx_hal_rcc.o
 .debug_aranges
                0x0000000000000dd0       0x50 ./Drivers/STM32F7xx_HAL_Driver/Src/stm32f7xx_hal_rcc_ex.o
 .debug_aranges
                0x0000000000000e20      0x228 ./Drivers/STM32F7xx_HAL_Driver/Src/stm32f7xx_hal_uart.o
 .debug_aranges
                0x0000000000001048      0x1a8 ./Drivers/STM32F7xx_HAL_Driver/Src/stm32f7xx_ll_usb.o

.debug_ranges   0x0000000000000000     0x10c0
 .debug_ranges  0x0000000000000000       0x50 ./Core/Src/main.o
 .debug_ranges  0x0000000000000050       0xd0 ./Core/Src/ssd1306.o
 .debug_ranges  0x0000000000000120       0x80 ./Core/Src/ssd1306_tests.o
 .debug_ranges  0x00000000000001a0       0x60 ./Core/Src/stm32f7xx_hal_msp.o
 .debug_ranges  0x0000000000000200       0x50 ./Core/Src/stm32f7xx_it.o
 .debug_ranges  0x0000000000000250       0x18 ./Core/Src/system_stm32f7xx.o
 .debug_ranges  0x0000000000000268       0x20 ./Core/Startup/startup_stm32f746zgtx.o
 .debug_ranges  0x0000000000000288       0xf0 ./Drivers/STM32F7xx_HAL_Driver/Src/stm32f7xx_hal.o
 .debug_ranges  0x0000000000000378       0xd8 ./Drivers/STM32F7xx_HAL_Driver/Src/stm32f7xx_hal_adc.o
 .debug_ranges  0x0000000000000450      0x108 ./Drivers/STM32F7xx_HAL_Driver/Src/stm32f7xx_hal_cortex.o
 .debug_ranges  0x0000000000000558      0x1d0 ./Drivers/STM32F7xx_HAL_Driver/Src/stm32f7xx_hal_eth.o
 .debug_ranges  0x0000000000000728       0x48 ./Drivers/STM32F7xx_HAL_Driver/Src/stm32f7xx_hal_gpio.o
 .debug_ranges  0x0000000000000770      0x290 ./Drivers/STM32F7xx_HAL_Driver/Src/stm32f7xx_hal_i2c.o
 .debug_ranges  0x0000000000000a00       0x28 ./Drivers/STM32F7xx_HAL_Driver/Src/stm32f7xx_hal_i2c_ex.o
 .debug_ranges  0x0000000000000a28      0x138 ./Drivers/STM32F7xx_HAL_Driver/Src/stm32f7xx_hal_pcd.o
 .debug_ranges  0x0000000000000b60       0x38 ./Drivers/STM32F7xx_HAL_Driver/Src/stm32f7xx_hal_pcd_ex.o
 .debug_ranges  0x0000000000000b98       0x90 ./Drivers/STM32F7xx_HAL_Driver/Src/stm32f7xx_hal_pwr.o
 .debug_ranges  0x0000000000000c28       0x78 ./Drivers/STM32F7xx_HAL_Driver/Src/stm32f7xx_hal_rcc.o
 .debug_ranges  0x0000000000000ca0       0x40 ./Drivers/STM32F7xx_HAL_Driver/Src/stm32f7xx_hal_rcc_ex.o
 .debug_ranges  0x0000000000000ce0      0x248 ./Drivers/STM32F7xx_HAL_Driver/Src/stm32f7xx_hal_uart.o
 .debug_ranges  0x0000000000000f28      0x198 ./Drivers/STM32F7xx_HAL_Driver/Src/stm32f7xx_ll_usb.o

.debug_macro    0x0000000000000000    0x28467
 .debug_macro   0x0000000000000000      0x32b ./Core/Src/main.o
 .debug_macro   0x000000000000032b      0xa78 ./Core/Src/main.o
 .debug_macro   0x0000000000000da3      0x29f ./Core/Src/main.o
 .debug_macro   0x0000000000001042       0x2e ./Core/Src/main.o
 .debug_macro   0x0000000000001070       0x3b ./Core/Src/main.o
 .debug_macro   0x00000000000010ab       0x22 ./Core/Src/main.o
 .debug_macro   0x00000000000010cd       0x8e ./Core/Src/main.o
 .debug_macro   0x000000000000115b       0x51 ./Core/Src/main.o
 .debug_macro   0x00000000000011ac      0x103 ./Core/Src/main.o
 .debug_macro   0x00000000000012af       0x6a ./Core/Src/main.o
 .debug_macro   0x0000000000001319      0x1df ./Core/Src/main.o
 .debug_macro   0x00000000000014f8       0x1c ./Core/Src/main.o
 .debug_macro   0x0000000000001514       0x22 ./Core/Src/main.o
 .debug_macro   0x0000000000001536       0xd9 ./Core/Src/main.o
 .debug_macro   0x000000000000160f     0x12cd ./Core/Src/main.o
 .debug_macro   0x00000000000028dc      0x11f ./Core/Src/main.o
 .debug_macro   0x00000000000029fb       0x19 ./Core/Src/main.o
 .debug_macro   0x0000000000002a14    0x1920a ./Core/Src/main.o
 .debug_macro   0x000000000001bc1e       0x6d ./Core/Src/main.o
 .debug_macro   0x000000000001bc8b     0x3749 ./Core/Src/main.o
 .debug_macro   0x000000000001f3d4      0x174 ./Core/Src/main.o
 .debug_macro   0x000000000001f548       0x63 ./Core/Src/main.o
 .debug_macro   0x000000000001f5ab     0x18ad ./Core/Src/main.o
 .debug_macro   0x0000000000020e58      0x6c4 ./Core/Src/main.o
 .debug_macro   0x000000000002151c      0x185 ./Core/Src/main.o
 .debug_macro   0x00000000000216a1      0x115 ./Core/Src/main.o
 .debug_macro   0x00000000000217b6      0x1fd ./Core/Src/main.o
 .debug_macro   0x00000000000219b3       0xa5 ./Core/Src/main.o
 .debug_macro   0x0000000000021a58      0x24f ./Core/Src/main.o
 .debug_macro   0x0000000000021ca7       0x41 ./Core/Src/main.o
 .debug_macro   0x0000000000021ce8       0x58 ./Core/Src/main.o
 .debug_macro   0x0000000000021d40      0x236 ./Core/Src/main.o
 .debug_macro   0x0000000000021f76      0x416 ./Core/Src/main.o
 .debug_macro   0x000000000002238c      0x153 ./Core/Src/main.o
 .debug_macro   0x00000000000224df      0x107 ./Core/Src/main.o
 .debug_macro   0x00000000000225e6      0xd44 ./Core/Src/main.o
 .debug_macro   0x000000000002332a      0x14e ./Core/Src/main.o
 .debug_macro   0x0000000000023478      0x25a ./Core/Src/main.o
 .debug_macro   0x00000000000236d2       0x12 ./Core/Src/main.o
 .debug_macro   0x00000000000236e4      0x22c ./Core/Src/main.o
 .debug_macro   0x0000000000023910       0x61 ./Core/Src/main.o
 .debug_macro   0x0000000000023971       0xa5 ./Core/Src/main.o
 .debug_macro   0x0000000000023a16      0x12e ./Core/Src/main.o
 .debug_macro   0x0000000000023b44      0x108 ./Core/Src/main.o
 .debug_macro   0x0000000000023c4c       0x35 ./Core/Src/main.o
 .debug_macro   0x0000000000023c81      0x56d ./Core/Src/main.o
 .debug_macro   0x00000000000241ee       0x44 ./Core/Src/main.o
 .debug_macro   0x0000000000024232      0x256 ./Core/Src/main.o
 .debug_macro   0x0000000000024488       0xba ./Core/Src/main.o
 .debug_macro   0x0000000000024542      0x14d ./Core/Src/main.o
 .debug_macro   0x000000000002468f      0x13c ./Core/Src/main.o
 .debug_macro   0x00000000000247cb       0x52 ./Core/Src/main.o
 .debug_macro   0x000000000002481d       0x1e ./Core/Src/main.o
 .debug_macro   0x000000000002483b       0x3c ./Core/Src/main.o
 .debug_macro   0x0000000000024877       0x34 ./Core/Src/main.o
 .debug_macro   0x00000000000248ab       0x16 ./Core/Src/main.o
 .debug_macro   0x00000000000248c1       0x43 ./Core/Src/main.o
 .debug_macro   0x0000000000024904       0x34 ./Core/Src/main.o
 .debug_macro   0x0000000000024938       0x10 ./Core/Src/main.o
 .debug_macro   0x0000000000024948       0x58 ./Core/Src/main.o
 .debug_macro   0x00000000000249a0       0x71 ./Core/Src/main.o
 .debug_macro   0x0000000000024a11       0x1c ./Core/Src/main.o
 .debug_macro   0x0000000000024a2d      0x12a ./Core/Src/main.o
 .debug_macro   0x0000000000024b57      0x341 ./Core/Src/main.o
 .debug_macro   0x0000000000024e98       0x10 ./Core/Src/main.o
 .debug_macro   0x0000000000024ea8       0x35 ./Core/Src/main.o
 .debug_macro   0x0000000000024edd       0x20 ./Core/Src/main.o
 .debug_macro   0x0000000000024efd       0x46 ./Core/Src/main.o
 .debug_macro   0x0000000000024f43       0x10 ./Core/Src/main.o
 .debug_macro   0x0000000000024f53       0x40 ./Core/Src/main.o
 .debug_macro   0x0000000000024f93      0x349 ./Core/Src/ssd1306.o
 .debug_macro   0x00000000000252dc       0x4c ./Core/Src/ssd1306.o
 .debug_macro   0x0000000000025328       0x94 ./Core/Src/ssd1306.o
 .debug_macro   0x00000000000253bc       0x28 ./Core/Src/ssd1306.o
 .debug_macro   0x00000000000253e4       0x57 ./Core/Src/ssd1306.o
 .debug_macro   0x000000000002543b      0x19b ./Core/Src/ssd1306.o
 .debug_macro   0x00000000000255d6       0x16 ./Core/Src/ssd1306.o
 .debug_macro   0x00000000000255ec       0x16 ./Core/Src/ssd1306.o
 .debug_macro   0x0000000000025602       0x29 ./Core/Src/ssd1306.o
 .debug_macro   0x000000000002562b       0x16 ./Core/Src/ssd1306.o
 .debug_macro   0x0000000000025641       0x76 ./Core/Src/ssd1306_fonts.o
 .debug_macro   0x00000000000256b7      0x3d3 ./Core/Src/ssd1306_tests.o
 .debug_macro   0x0000000000025a8a       0x1c ./Core/Src/ssd1306_tests.o
 .debug_macro   0x0000000000025aa6       0x10 ./Core/Src/ssd1306_tests.o
 .debug_macro   0x0000000000025ab6       0x10 ./Core/Src/ssd1306_tests.o
 .debug_macro   0x0000000000025ac6       0x1c ./Core/Src/ssd1306_tests.o
 .debug_macro   0x0000000000025ae2       0x52 ./Core/Src/ssd1306_tests.o
 .debug_macro   0x0000000000025b34       0x22 ./Core/Src/ssd1306_tests.o
 .debug_macro   0x0000000000025b56       0x10 ./Core/Src/ssd1306_tests.o
 .debug_macro   0x0000000000025b66       0x52 ./Core/Src/ssd1306_tests.o
 .debug_macro   0x0000000000025bb8       0xd5 ./Core/Src/ssd1306_tests.o
 .debug_macro   0x0000000000025c8d       0x1c ./Core/Src/ssd1306_tests.o
 .debug_macro   0x0000000000025ca9       0x3d ./Core/Src/ssd1306_tests.o
 .debug_macro   0x0000000000025ce6       0x16 ./Core/Src/ssd1306_tests.o
 .debug_macro   0x0000000000025cfc      0x145 ./Core/Src/ssd1306_tests.o
 .debug_macro   0x0000000000025e41       0x5d ./Core/Src/ssd1306_tests.o
 .debug_macro   0x0000000000025e9e      0x224 ./Core/Src/stm32f7xx_hal_msp.o
 .debug_macro   0x00000000000260c2      0x22e ./Core/Src/stm32f7xx_it.o
 .debug_macro   0x00000000000262f0      0x215 ./Core/Src/system_stm32f7xx.o
 .debug_macro   0x0000000000026505      0x239 ./Drivers/STM32F7xx_HAL_Driver/Src/stm32f7xx_hal.o
 .debug_macro   0x000000000002673e      0x216 ./Drivers/STM32F7xx_HAL_Driver/Src/stm32f7xx_hal_adc.o
 .debug_macro   0x0000000000026954      0x215 ./Drivers/STM32F7xx_HAL_Driver/Src/stm32f7xx_hal_cortex.o
 .debug_macro   0x0000000000026b69      0x2ef ./Drivers/STM32F7xx_HAL_Driver/Src/stm32f7xx_hal_eth.o
 .debug_macro   0x0000000000026e58      0x21b ./Drivers/STM32F7xx_HAL_Driver/Src/stm32f7xx_hal_gpio.o
 .debug_macro   0x0000000000027073      0x2e1 ./Drivers/STM32F7xx_HAL_Driver/Src/stm32f7xx_hal_i2c.o
 .debug_macro   0x0000000000027354      0x215 ./Drivers/STM32F7xx_HAL_Driver/Src/stm32f7xx_hal_i2c_ex.o
 .debug_macro   0x0000000000027569      0x221 ./Drivers/STM32F7xx_HAL_Driver/Src/stm32f7xx_hal_pcd.o
 .debug_macro   0x000000000002778a      0x215 ./Drivers/STM32F7xx_HAL_Driver/Src/stm32f7xx_hal_pcd_ex.o
 .debug_macro   0x000000000002799f      0x233 ./Drivers/STM32F7xx_HAL_Driver/Src/stm32f7xx_hal_pwr.o
 .debug_macro   0x0000000000027bd2      0x239 ./Drivers/STM32F7xx_HAL_Driver/Src/stm32f7xx_hal_rcc.o
 .debug_macro   0x0000000000027e0b      0x215 ./Drivers/STM32F7xx_HAL_Driver/Src/stm32f7xx_hal_rcc_ex.o
 .debug_macro   0x0000000000028020      0x232 ./Drivers/STM32F7xx_HAL_Driver/Src/stm32f7xx_hal_uart.o
 .debug_macro   0x0000000000028252      0x215 ./Drivers/STM32F7xx_HAL_Driver/Src/stm32f7xx_ll_usb.o

.debug_line     0x0000000000000000    0x1632c
 .debug_line    0x0000000000000000      0xb1b ./Core/Src/main.o
 .debug_line    0x0000000000000b1b     0x1056 ./Core/Src/ssd1306.o
 .debug_line    0x0000000000001b71      0x3a9 ./Core/Src/ssd1306_fonts.o
 .debug_line    0x0000000000001f1a      0xbe1 ./Core/Src/ssd1306_tests.o
 .debug_line    0x0000000000002afb      0x94b ./Core/Src/stm32f7xx_hal_msp.o
 .debug_line    0x0000000000003446      0x80f ./Core/Src/stm32f7xx_it.o
 .debug_line    0x0000000000003c55      0x7cc ./Core/Src/system_stm32f7xx.o
 .debug_line    0x0000000000004421       0x88 ./Core/Startup/startup_stm32f746zgtx.o
 .debug_line    0x00000000000044a9      0xa5d ./Drivers/STM32F7xx_HAL_Driver/Src/stm32f7xx_hal.o
 .debug_line    0x0000000000004f06     0x1295 ./Drivers/STM32F7xx_HAL_Driver/Src/stm32f7xx_hal_adc.o
 .debug_line    0x000000000000619b      0xce3 ./Drivers/STM32F7xx_HAL_Driver/Src/stm32f7xx_hal_cortex.o
 .debug_line    0x0000000000006e7e     0x19a5 ./Drivers/STM32F7xx_HAL_Driver/Src/stm32f7xx_hal_eth.o
 .debug_line    0x0000000000008823      0xbd1 ./Drivers/STM32F7xx_HAL_Driver/Src/stm32f7xx_hal_gpio.o
 .debug_line    0x00000000000093f4     0x372a ./Drivers/STM32F7xx_HAL_Driver/Src/stm32f7xx_hal_i2c.o
 .debug_line    0x000000000000cb1e      0x888 ./Drivers/STM32F7xx_HAL_Driver/Src/stm32f7xx_hal_i2c_ex.o
 .debug_line    0x000000000000d3a6     0x14a8 ./Drivers/STM32F7xx_HAL_Driver/Src/stm32f7xx_hal_pcd.o
 .debug_line    0x000000000000e84e      0x85e ./Drivers/STM32F7xx_HAL_Driver/Src/stm32f7xx_hal_pcd_ex.o
 .debug_line    0x000000000000f0ac      0x961 ./Drivers/STM32F7xx_HAL_Driver/Src/stm32f7xx_hal_pwr.o
 .debug_line    0x000000000000fa0d      0xea0 ./Drivers/STM32F7xx_HAL_Driver/Src/stm32f7xx_hal_rcc.o
 .debug_line    0x00000000000108ad      0xe59 ./Drivers/STM32F7xx_HAL_Driver/Src/stm32f7xx_hal_rcc_ex.o
 .debug_line    0x0000000000011706     0x3111 ./Drivers/STM32F7xx_HAL_Driver/Src/stm32f7xx_hal_uart.o
 .debug_line    0x0000000000014817     0x1b15 ./Drivers/STM32F7xx_HAL_Driver/Src/stm32f7xx_ll_usb.o

.debug_str      0x0000000000000000    0xf64f5
 .debug_str     0x0000000000000000    0xef3b9 ./Core/Src/main.o
                                      0xefc6b (size before relaxing)
 .debug_str     0x00000000000ef3b9      0xcfa ./Core/Src/ssd1306.o
                                      0xef286 (size before relaxing)
 .debug_str     0x00000000000f00b3       0x7f ./Core/Src/ssd1306_fonts.o
                                       0x3dd2 (size before relaxing)
 .debug_str     0x00000000000f0132     0x1142 ./Core/Src/ssd1306_tests.o
                                      0xef2f1 (size before relaxing)
 .debug_str     0x00000000000f1274      0x35c ./Core/Src/stm32f7xx_hal_msp.o
                                      0xecad6 (size before relaxing)
 .debug_str     0x00000000000f15d0       0xc9 ./Core/Src/stm32f7xx_it.o
                                      0xeb4b2 (size before relaxing)
 .debug_str     0x00000000000f1699      0x190 ./Core/Src/system_stm32f7xx.o
                                      0xeb1da (size before relaxing)
 .debug_str     0x00000000000f1829       0x36 ./Core/Startup/startup_stm32f746zgtx.o
                                         0x74 (size before relaxing)
 .debug_str     0x00000000000f185f      0x9ad ./Drivers/STM32F7xx_HAL_Driver/Src/stm32f7xx_hal.o
                                      0xebb43 (size before relaxing)
 .debug_str     0x00000000000f220c      0x2a5 ./Drivers/STM32F7xx_HAL_Driver/Src/stm32f7xx_hal_adc.o
                                      0xeb6d3 (size before relaxing)
 .debug_str     0x00000000000f24b1      0x334 ./Drivers/STM32F7xx_HAL_Driver/Src/stm32f7xx_hal_cortex.o
                                      0xebb2e (size before relaxing)
 .debug_str     0x00000000000f27e5     0x11b7 ./Drivers/STM32F7xx_HAL_Driver/Src/stm32f7xx_hal_eth.o
                                      0xec9a7 (size before relaxing)
 .debug_str     0x00000000000f399c       0xe8 ./Drivers/STM32F7xx_HAL_Driver/Src/stm32f7xx_hal_gpio.o
                                      0xeb298 (size before relaxing)
 .debug_str     0x00000000000f3a84      0xdc0 ./Drivers/STM32F7xx_HAL_Driver/Src/stm32f7xx_hal_i2c.o
                                      0xec3f0 (size before relaxing)
 .debug_str     0x00000000000f4844       0x89 ./Drivers/STM32F7xx_HAL_Driver/Src/stm32f7xx_hal_i2c_ex.o
                                      0xeb696 (size before relaxing)
 .debug_str     0x00000000000f48cd      0x81e ./Drivers/STM32F7xx_HAL_Driver/Src/stm32f7xx_hal_pcd.o
                                      0xebbf7 (size before relaxing)
 .debug_str     0x00000000000f50eb      0x12d ./Drivers/STM32F7xx_HAL_Driver/Src/stm32f7xx_hal_pcd_ex.o
                                      0xeb4f8 (size before relaxing)
 .debug_str     0x00000000000f5218      0x2ac ./Drivers/STM32F7xx_HAL_Driver/Src/stm32f7xx_hal_pwr.o
                                      0xeb47b (size before relaxing)
 .debug_str     0x00000000000f54c4      0x233 ./Drivers/STM32F7xx_HAL_Driver/Src/stm32f7xx_hal_rcc.o
                                      0xeb53c (size before relaxing)
 .debug_str     0x00000000000f56f7      0x147 ./Drivers/STM32F7xx_HAL_Driver/Src/stm32f7xx_hal_rcc_ex.o
                                      0xeb474 (size before relaxing)
 .debug_str     0x00000000000f583e      0x85c ./Drivers/STM32F7xx_HAL_Driver/Src/stm32f7xx_hal_uart.o
                                      0xebe89 (size before relaxing)
 .debug_str     0x00000000000f609a      0x45b ./Drivers/STM32F7xx_HAL_Driver/Src/stm32f7xx_ll_usb.o
                                      0xeba7d (size before relaxing)

.comment        0x0000000000000000       0x50
 .comment       0x0000000000000000       0x50 ./Core/Src/main.o
                                         0x51 (size before relaxing)
 .comment       0x0000000000000050       0x51 ./Core/Src/ssd1306.o
 .comment       0x0000000000000050       0x51 ./Core/Src/ssd1306_fonts.o
 .comment       0x0000000000000050       0x51 ./Core/Src/ssd1306_tests.o
 .comment       0x0000000000000050       0x51 ./Core/Src/stm32f7xx_hal_msp.o
 .comment       0x0000000000000050       0x51 ./Core/Src/stm32f7xx_it.o
 .comment       0x0000000000000050       0x51 ./Core/Src/system_stm32f7xx.o
 .comment       0x0000000000000050       0x51 ./Drivers/STM32F7xx_HAL_Driver/Src/stm32f7xx_hal.o
 .comment       0x0000000000000050       0x51 ./Drivers/STM32F7xx_HAL_Driver/Src/stm32f7xx_hal_adc.o
 .comment       0x0000000000000050       0x51 ./Drivers/STM32F7xx_HAL_Driver/Src/stm32f7xx_hal_cortex.o
 .comment       0x0000000000000050       0x51 ./Drivers/STM32F7xx_HAL_Driver/Src/stm32f7xx_hal_eth.o
 .comment       0x0000000000000050       0x51 ./Drivers/STM32F7xx_HAL_Driver/Src/stm32f7xx_hal_gpio.o
 .comment       0x0000000000000050       0x51 ./Drivers/STM32F7xx_HAL_Driver/Src/stm32f7xx_hal_i2c.o
 .comment       0x0000000000000050       0x51 ./Drivers/STM32F7xx_HAL_Driver/Src/stm32f7xx_hal_i2c_ex.o
 .comment       0x0000000000000050       0x51 ./Drivers/STM32F7xx_HAL_Driver/Src/stm32f7xx_hal_pcd.o
 .comment       0x0000000000000050       0x51 ./Drivers/STM32F7xx_HAL_Driver/Src/stm32f7xx_hal_pcd_ex.o
 .comment       0x0000000000000050       0x51 ./Drivers/STM32F7xx_HAL_Driver/Src/stm32f7xx_hal_pwr.o
 .comment       0x0000000000000050       0x51 ./Drivers/STM32F7xx_HAL_Driver/Src/stm32f7xx_hal_rcc.o
 .comment       0x0000000000000050       0x51 ./Drivers/STM32F7xx_HAL_Driver/Src/stm32f7xx_hal_rcc_ex.o
 .comment       0x0000000000000050       0x51 ./Drivers/STM32F7xx_HAL_Driver/Src/stm32f7xx_hal_uart.o
 .comment       0x0000000000000050       0x51 ./Drivers/STM32F7xx_HAL_Driver/Src/stm32f7xx_ll_usb.o

.debug_frame    0x0000000000000000     0x4bac
 .debug_frame   0x0000000000000000      0x120 ./Core/Src/main.o
 .debug_frame   0x0000000000000120      0x3c0 ./Core/Src/ssd1306.o
 .debug_frame   0x00000000000004e0      0x218 ./Core/Src/ssd1306_tests.o
 .debug_frame   0x00000000000006f8      0x1ac ./Core/Src/stm32f7xx_hal_msp.o
 .debug_frame   0x00000000000008a4      0x104 ./Core/Src/stm32f7xx_it.o
 .debug_frame   0x00000000000009a8       0x58 ./Core/Src/system_stm32f7xx.o
 .debug_frame   0x0000000000000a00      0x3b4 ./Drivers/STM32F7xx_HAL_Driver/Src/stm32f7xx_hal.o
 .debug_frame   0x0000000000000db4      0x3fc ./Drivers/STM32F7xx_HAL_Driver/Src/stm32f7xx_hal_adc.o
 .debug_frame   0x00000000000011b0      0x498 ./Drivers/STM32F7xx_HAL_Driver/Src/stm32f7xx_hal_cortex.o
 .debug_frame   0x0000000000001648      0x898 ./Drivers/STM32F7xx_HAL_Driver/Src/stm32f7xx_hal_eth.o
 .debug_frame   0x0000000000001ee0      0x14c ./Drivers/STM32F7xx_HAL_Driver/Src/stm32f7xx_hal_gpio.o
 .debug_frame   0x000000000000202c      0xc38 ./Drivers/STM32F7xx_HAL_Driver/Src/stm32f7xx_hal_i2c.o
 .debug_frame   0x0000000000002c64       0xb0 ./Drivers/STM32F7xx_HAL_Driver/Src/stm32f7xx_hal_i2c_ex.o
 .debug_frame   0x0000000000002d14      0x5bc ./Drivers/STM32F7xx_HAL_Driver/Src/stm32f7xx_hal_pcd.o
 .debug_frame   0x00000000000032d0      0x100 ./Drivers/STM32F7xx_HAL_Driver/Src/stm32f7xx_hal_pcd_ex.o
 .debug_frame   0x00000000000033d0      0x254 ./Drivers/STM32F7xx_HAL_Driver/Src/stm32f7xx_hal_pwr.o
 .debug_frame   0x0000000000003624      0x1f8 ./Drivers/STM32F7xx_HAL_Driver/Src/stm32f7xx_hal_rcc.o
 .debug_frame   0x000000000000381c      0x118 ./Drivers/STM32F7xx_HAL_Driver/Src/stm32f7xx_hal_rcc_ex.o
 .debug_frame   0x0000000000003934      0x9e4 ./Drivers/STM32F7xx_HAL_Driver/Src/stm32f7xx_hal_uart.o
 .debug_frame   0x0000000000004318      0x7e8 ./Drivers/STM32F7xx_HAL_Driver/Src/stm32f7xx_ll_usb.o
 .debug_frame   0x0000000000004b00       0x2c c:/st/stm32cubeide_1.12.0/stm32cubeide/plugins/com.st.stm32cube.ide.mcu.externaltools.gnu-tools-for-stm32.10.3-2021.10.win32_1.0.200.202301161003/tools/bin/../lib/gcc/arm-none-eabi/10.3.1/../../../../arm-none-eabi/lib/thumb/v7e-m+fp/hard\libc_nano.a(lib_a-init.o)
 .debug_frame   0x0000000000004b2c       0x20 c:/st/stm32cubeide_1.12.0/stm32cubeide/plugins/com.st.stm32cube.ide.mcu.externaltools.gnu-tools-for-stm32.10.3-2021.10.win32_1.0.200.202301161003/tools/bin/../lib/gcc/arm-none-eabi/10.3.1/../../../../arm-none-eabi/lib/thumb/v7e-m+fp/hard\libc_nano.a(lib_a-memset.o)
 .debug_frame   0x0000000000004b4c       0x2c c:/st/stm32cubeide_1.12.0/stm32cubeide/plugins/com.st.stm32cube.ide.mcu.externaltools.gnu-tools-for-stm32.10.3-2021.10.win32_1.0.200.202301161003/tools/bin/../lib/gcc/arm-none-eabi/10.3.1/thumb/v7e-m+fp/hard\libgcc.a(_aeabi_uldivmod.o)
 .debug_frame   0x0000000000004b78       0x34 c:/st/stm32cubeide_1.12.0/stm32cubeide/plugins/com.st.stm32cube.ide.mcu.externaltools.gnu-tools-for-stm32.10.3-2021.10.win32_1.0.200.202301161003/tools/bin/../lib/gcc/arm-none-eabi/10.3.1/thumb/v7e-m+fp/hard\libgcc.a(_udivmoddi4.o)
