../Drivers/CMSIS/Include/core_cm7.h:2229:22:SCB_EnableICache	4	static,ignoring_inline_asm
../Drivers/CMSIS/Include/core_cm7.h:2281:22:SCB_EnableDCache	24	static,ignoring_inline_asm
../Drivers/CMSIS/Include/core_cm7.h:2606:26:ITM_SendChar	16	static,ignoring_inline_asm
../Core/Src/main.c:84:5:_write	32	static
../Core/Src/main.c:108:5:main	64	static
../Core/Src/main.c:332:6:SystemClock_Config	88	static
../Core/Src/main.c:382:13:MX_ADC1_Init	24	static
../Core/Src/main.c:434:13:MX_ADC3_Init	24	static
../Core/Src/main.c:486:13:MX_I2C2_Init	8	static
../Core/Src/main.c:534:13:MX_USART3_UART_Init	8	static
../Core/Src/main.c:569:13:MX_USB_OTG_FS_PCD_Init	8	static
../Core/Src/main.c:604:13:MX_GPIO_Init	56	static
../Core/Src/main.c:661:6:MPU_Config	8	static
../Core/Src/main.c:675:6:Error_Handler	4	static,ignoring_inline_asm
