../Core/Src/main.c:108:5:main	8	static
../Core/Src/main.c:284:6:SystemClock_Config	88	static
../Core/Src/main.c:334:13:MX_ADC1_Init	24	static
../Core/Src/main.c:386:13:MX_ADC3_Init	24	static
../Core/Src/main.c:438:13:MX_ETH_Init	8	static
../Core/Src/main.c:487:13:MX_I2C2_Init	8	static
../Core/Src/main.c:535:13:MX_USART3_UART_Init	8	static
../Core/Src/main.c:570:13:MX_USB_OTG_FS_PCD_Init	8	static
../Core/Src/main.c:605:13:MX_GPIO_Init	56	static
../Core/Src/main.c:664:6:Error_Handler	4	static,ignoring_inline_asm
