../Core/Src/ssd1306_tests.c:195:6:ssd1306_TestBorder	24	static
../Core/Src/ssd1306_tests.c:224:6:ssd1306_TestFonts1	16	static
../Core/Src/ssd1306_tests.c:259:6:ssd1306_TestFonts2	32	static
../Core/Src/ssd1306_tests.c:281:6:ssd1306_TestFPS	8	static
../Core/Src/ssd1306_tests.c:291:6:ssd1306_TestLine	16	static
../Core/Src/ssd1306_tests.c:299:6:ssd1306_TestRectangle	32	static
../Core/Src/ssd1306_tests.c:309:6:ssd1306_TestRectangleFill	16	static
../Core/Src/ssd1306_tests.c:317:6:ssd1306_TestCircle	16	static
../Core/Src/ssd1306_tests.c:332:6:ssd1306_TestArc	16	static
../Core/Src/ssd1306_tests.c:339:6:ssd1306_TestPolyline	32	static
../Core/Src/ssd1306_tests.c:356:6:ssd1306_TestDrawBitmap	16	static
../Core/Src/ssd1306_tests.c:363:6:ssd1306_TestDrawBitmapOHMIO	16	static
../Core/Src/ssd1306_tests.c:374:6:ssd1306_OhmioSplash	8	static
../Core/Src/ssd1306_tests.c:380:6:ssd1306_OhmioMenuPrincipal	8	static
../Core/Src/ssd1306_tests.c:386:6:ssd1306_TestAll	8	static
