../Core/Src/ssd1306_tests.c:207:6:ssd1306_TestBorder	24	static
../Core/Src/ssd1306_tests.c:237:6:ssd1306_TestFonts1	16	static
../Core/Src/ssd1306_tests.c:269:6:ssd1306_PrintMenuToolbar	16	static
../Core/Src/ssd1306_tests.c:273:6:ssd1306_PrintSettingsToolbar	16	static
../Core/Src/ssd1306_tests.c:278:6:ssd1306_PrintPrincipalMenu	40	static
../Core/Src/ssd1306_tests.c:360:6:ssd1306_PrintSettingsMenu	40	static
../Core/Src/ssd1306_tests.c:426:6:ssd1306_DisplayAnalogValue	24	static
../Core/Src/ssd1306_tests.c:442:6:ssd1306_TestFonts2	32	static
../Core/Src/ssd1306_tests.c:464:6:ssd1306_TestFPS	8	static
../Core/Src/ssd1306_tests.c:474:6:ssd1306_TestLine	16	static
../Core/Src/ssd1306_tests.c:482:6:ssd1306_TestRectangle	32	static
../Core/Src/ssd1306_tests.c:492:6:ssd1306_TestRectangleFill	16	static
../Core/Src/ssd1306_tests.c:500:6:ssd1306_TestCircle	16	static
../Core/Src/ssd1306_tests.c:515:6:ssd1306_TestArc	16	static
../Core/Src/ssd1306_tests.c:522:6:ssd1306_TestPolyline	32	static
../Core/Src/ssd1306_tests.c:539:6:ssd1306_TestDrawBitmap	16	static
../Core/Src/ssd1306_tests.c:546:6:ssd1306_TestDrawBitmapOHMIO	16	static
../Core/Src/ssd1306_tests.c:557:6:ssd1306_OhmioSplash	8	static
../Core/Src/ssd1306_tests.c:563:6:ssd1306_OhmioMenuPrincipal	8	static
../Core/Src/ssd1306_tests.c:569:6:ssd1306_TestAll	8	static
