../Core/Src/ssd1306_tests.c:418:6:ssd1306_TestBorder	24	static
../Core/Src/ssd1306_tests.c:448:6:ssd1306_TestFonts1	16	static
../Core/Src/ssd1306_tests.c:480:6:ssd1306_PrintMenuToolbar	16	static
../Core/Src/ssd1306_tests.c:484:6:ssd1306_PrintSettingsToolbar	16	static
../Core/Src/ssd1306_tests.c:489:6:ssd1306_PrintPrincipalMenu	48	static
../Core/Src/ssd1306_tests.c:584:6:ssd1306_PrintDashboardMenu	48	static
../Core/Src/ssd1306_tests.c:642:6:ssd1306_PrintEnergyMenu	40	static
../Core/Src/ssd1306_tests.c:708:6:ssd1306_PrintRFMenu	40	static
../Core/Src/ssd1306_tests.c:785:6:ssd1306_PrintSerialMenu	40	static
../Core/Src/ssd1306_tests.c:858:6:ssd1306_PrintCloudMenu	40	static
../Core/Src/ssd1306_tests.c:940:6:ssd1306_PrintSettingsMenu	40	static
../Core/Src/ssd1306_tests.c:1006:6:ssd1306_DisplayAnalogValue	32	static
../Core/Src/ssd1306_tests.c:1037:6:ssd1306_TestFonts2	32	static
../Core/Src/ssd1306_tests.c:1059:6:ssd1306_TestFPS	8	static
../Core/Src/ssd1306_tests.c:1069:6:ssd1306_TestLine	16	static
../Core/Src/ssd1306_tests.c:1077:6:ssd1306_TestRectangle	32	static
../Core/Src/ssd1306_tests.c:1087:6:ssd1306_TestRectangleFill	16	static
../Core/Src/ssd1306_tests.c:1095:6:ssd1306_TestCircle	16	static
../Core/Src/ssd1306_tests.c:1110:6:ssd1306_TestArc	16	static
../Core/Src/ssd1306_tests.c:1117:6:ssd1306_TestPolyline	32	static
../Core/Src/ssd1306_tests.c:1134:6:ssd1306_TestDrawBitmap	16	static
../Core/Src/ssd1306_tests.c:1141:6:ssd1306_TestDrawBitmapOHMIO	16	static
../Core/Src/ssd1306_tests.c:1152:6:ssd1306_OhmioSplash	8	static
../Core/Src/ssd1306_tests.c:1158:6:ssd1306_OhmioMenuPrincipal	8	static
../Core/Src/ssd1306_tests.c:1164:6:ssd1306_TestAll	8	static
