../Core/Src/ssd1306_tests.c:198:6:ssd1306_TestBorder	24	static
../Core/Src/ssd1306_tests.c:228:6:ssd1306_TestFonts1	16	static
../Core/Src/ssd1306_tests.c:261:6:ssd1306_DisplayAnalogValue	40	static
../Core/Src/ssd1306_tests.c:363:6:ssd1306_TestFonts2	32	static
../Core/Src/ssd1306_tests.c:385:6:ssd1306_TestFPS	8	static
../Core/Src/ssd1306_tests.c:395:6:ssd1306_TestLine	16	static
../Core/Src/ssd1306_tests.c:403:6:ssd1306_TestRectangle	32	static
../Core/Src/ssd1306_tests.c:413:6:ssd1306_TestRectangleFill	16	static
../Core/Src/ssd1306_tests.c:421:6:ssd1306_TestCircle	16	static
../Core/Src/ssd1306_tests.c:436:6:ssd1306_TestArc	16	static
../Core/Src/ssd1306_tests.c:443:6:ssd1306_TestPolyline	32	static
../Core/Src/ssd1306_tests.c:460:6:ssd1306_TestDrawBitmap	16	static
../Core/Src/ssd1306_tests.c:467:6:ssd1306_TestDrawBitmapOHMIO	16	static
../Core/Src/ssd1306_tests.c:478:6:ssd1306_OhmioSplash	8	static
../Core/Src/ssd1306_tests.c:484:6:ssd1306_OhmioMenuPrincipal	8	static
../Core/Src/ssd1306_tests.c:490:6:ssd1306_TestAll	8	static
