../Core/Src/ssd1306_tests.c:413:6:ssd1306_TestBorder	24	static
../Core/Src/ssd1306_tests.c:443:6:ssd1306_TestFonts1	16	static
../Core/Src/ssd1306_tests.c:475:6:ssd1306_PrintMenuToolbar	16	static
../Core/Src/ssd1306_tests.c:479:6:ssd1306_PrintSettingsToolbar	16	static
../Core/Src/ssd1306_tests.c:484:6:ssd1306_PrintPrincipalMenu	48	static
../Core/Src/ssd1306_tests.c:575:6:ssd1306_PrintDashboardMenu	48	static
../Core/Src/ssd1306_tests.c:633:6:ssd1306_PrintEnergyMenu	40	static
../Core/Src/ssd1306_tests.c:699:6:ssd1306_PrintRFMenu	40	static
../Core/Src/ssd1306_tests.c:775:6:ssd1306_PrintCloudMenu	40	static
../Core/Src/ssd1306_tests.c:857:6:ssd1306_PrintSettingsMenu	40	static
../Core/Src/ssd1306_tests.c:923:6:ssd1306_DisplayAnalogValue	32	static
../Core/Src/ssd1306_tests.c:951:6:ssd1306_TestFonts2	32	static
../Core/Src/ssd1306_tests.c:973:6:ssd1306_TestFPS	8	static
../Core/Src/ssd1306_tests.c:983:6:ssd1306_TestLine	16	static
../Core/Src/ssd1306_tests.c:991:6:ssd1306_TestRectangle	32	static
../Core/Src/ssd1306_tests.c:1001:6:ssd1306_TestRectangleFill	16	static
../Core/Src/ssd1306_tests.c:1009:6:ssd1306_TestCircle	16	static
../Core/Src/ssd1306_tests.c:1024:6:ssd1306_TestArc	16	static
../Core/Src/ssd1306_tests.c:1031:6:ssd1306_TestPolyline	32	static
../Core/Src/ssd1306_tests.c:1048:6:ssd1306_TestDrawBitmap	16	static
../Core/Src/ssd1306_tests.c:1055:6:ssd1306_TestDrawBitmapOHMIO	16	static
../Core/Src/ssd1306_tests.c:1066:6:ssd1306_OhmioSplash	8	static
../Core/Src/ssd1306_tests.c:1072:6:ssd1306_OhmioMenuPrincipal	8	static
../Core/Src/ssd1306_tests.c:1078:6:ssd1306_TestAll	8	static
