../Core/Src/ssd1306_tests.c:207:6:ssd1306_TestBorder	24	static
../Core/Src/ssd1306_tests.c:237:6:ssd1306_TestFonts1	16	static
../Core/Src/ssd1306_tests.c:269:6:ssd1306_PrintMenuToolbar	16	static
../Core/Src/ssd1306_tests.c:273:6:ssd1306_PrintSettingsToolbar	16	static
../Core/Src/ssd1306_tests.c:278:6:ssd1306_PrintPrincipalMenu	48	static
../Core/Src/ssd1306_tests.c:366:6:ssd1306_PrintSettingsMenu	48	static
../Core/Src/ssd1306_tests.c:442:6:ssd1306_DisplayAnalogValue	24	static
../Core/Src/ssd1306_tests.c:458:6:ssd1306_TestFonts2	32	static
../Core/Src/ssd1306_tests.c:480:6:ssd1306_TestFPS	8	static
../Core/Src/ssd1306_tests.c:490:6:ssd1306_TestLine	16	static
../Core/Src/ssd1306_tests.c:498:6:ssd1306_TestRectangle	32	static
../Core/Src/ssd1306_tests.c:508:6:ssd1306_TestRectangleFill	16	static
../Core/Src/ssd1306_tests.c:516:6:ssd1306_TestCircle	16	static
../Core/Src/ssd1306_tests.c:531:6:ssd1306_TestArc	16	static
../Core/Src/ssd1306_tests.c:538:6:ssd1306_TestPolyline	32	static
../Core/Src/ssd1306_tests.c:555:6:ssd1306_TestDrawBitmap	16	static
../Core/Src/ssd1306_tests.c:562:6:ssd1306_TestDrawBitmapOHMIO	16	static
../Core/Src/ssd1306_tests.c:573:6:ssd1306_OhmioSplash	8	static
../Core/Src/ssd1306_tests.c:579:6:ssd1306_OhmioMenuPrincipal	8	static
../Core/Src/ssd1306_tests.c:585:6:ssd1306_TestAll	8	static
