../Core/Src/ssd1306_tests.c:381:6:ssd1306_TestBorder	24	static
../Core/Src/ssd1306_tests.c:411:6:ssd1306_TestFonts1	16	static
../Core/Src/ssd1306_tests.c:443:6:ssd1306_PrintMenuToolbar	16	static
../Core/Src/ssd1306_tests.c:447:6:ssd1306_PrintSettingsToolbar	16	static
../Core/Src/ssd1306_tests.c:452:6:ssd1306_PrintPrincipalMenu	48	static
../Core/Src/ssd1306_tests.c:543:6:ssd1306_PrintDashboardMenu	48	static
../Core/Src/ssd1306_tests.c:596:6:ssd1306_PrintEnergyMenu	40	static
../Core/Src/ssd1306_tests.c:662:6:ssd1306_PrintRFMenu	40	static
../Core/Src/ssd1306_tests.c:739:6:ssd1306_PrintSettingsMenu	40	static
../Core/Src/ssd1306_tests.c:805:6:ssd1306_DisplayAnalogValue	24	static
../Core/Src/ssd1306_tests.c:830:6:ssd1306_TestFonts2	32	static
../Core/Src/ssd1306_tests.c:852:6:ssd1306_TestFPS	8	static
../Core/Src/ssd1306_tests.c:862:6:ssd1306_TestLine	16	static
../Core/Src/ssd1306_tests.c:870:6:ssd1306_TestRectangle	32	static
../Core/Src/ssd1306_tests.c:880:6:ssd1306_TestRectangleFill	16	static
../Core/Src/ssd1306_tests.c:888:6:ssd1306_TestCircle	16	static
../Core/Src/ssd1306_tests.c:903:6:ssd1306_TestArc	16	static
../Core/Src/ssd1306_tests.c:910:6:ssd1306_TestPolyline	32	static
../Core/Src/ssd1306_tests.c:927:6:ssd1306_TestDrawBitmap	16	static
../Core/Src/ssd1306_tests.c:934:6:ssd1306_TestDrawBitmapOHMIO	16	static
../Core/Src/ssd1306_tests.c:945:6:ssd1306_OhmioSplash	8	static
../Core/Src/ssd1306_tests.c:951:6:ssd1306_OhmioMenuPrincipal	8	static
../Core/Src/ssd1306_tests.c:957:6:ssd1306_TestAll	8	static
