../Core/Src/ssd1306_tests.c:195:6:ssd1306_TestBorder	24	static
../Core/Src/ssd1306_tests.c:224:6:ssd1306_TestFonts1	16	static
../Core/Src/ssd1306_tests.c:256:6:ssd1306_DisplayAnalogValue	32	static
../Core/Src/ssd1306_tests.c:281:6:ssd1306_TestFonts2	32	static
../Core/Src/ssd1306_tests.c:303:6:ssd1306_TestFPS	8	static
../Core/Src/ssd1306_tests.c:313:6:ssd1306_TestLine	16	static
../Core/Src/ssd1306_tests.c:321:6:ssd1306_TestRectangle	32	static
../Core/Src/ssd1306_tests.c:331:6:ssd1306_TestRectangleFill	16	static
../Core/Src/ssd1306_tests.c:339:6:ssd1306_TestCircle	16	static
../Core/Src/ssd1306_tests.c:354:6:ssd1306_TestArc	16	static
../Core/Src/ssd1306_tests.c:361:6:ssd1306_TestPolyline	32	static
../Core/Src/ssd1306_tests.c:378:6:ssd1306_TestDrawBitmap	16	static
../Core/Src/ssd1306_tests.c:385:6:ssd1306_TestDrawBitmapOHMIO	16	static
../Core/Src/ssd1306_tests.c:396:6:ssd1306_OhmioSplash	8	static
../Core/Src/ssd1306_tests.c:402:6:ssd1306_OhmioMenuPrincipal	8	static
../Core/Src/ssd1306_tests.c:408:6:ssd1306_TestAll	8	static
