../Core/Src/ssd1306_tests.c:381:6:ssd1306_TestBorder	24	static
../Core/Src/ssd1306_tests.c:411:6:ssd1306_TestFonts1	16	static
../Core/Src/ssd1306_tests.c:443:6:ssd1306_PrintMenuToolbar	16	static
../Core/Src/ssd1306_tests.c:447:6:ssd1306_PrintSettingsToolbar	16	static
../Core/Src/ssd1306_tests.c:452:6:ssd1306_PrintPrincipalMenu	48	static
../Core/Src/ssd1306_tests.c:543:6:ssd1306_PrintDashboardMenu	48	static
../Core/Src/ssd1306_tests.c:596:6:ssd1306_PrintEnergyMenu	40	static
../Core/Src/ssd1306_tests.c:662:6:ssd1306_PrintRFMenu	40	static
../Core/Src/ssd1306_tests.c:738:6:ssd1306_PrintCloudMenu	40	static
../Core/Src/ssd1306_tests.c:820:6:ssd1306_PrintSettingsMenu	40	static
../Core/Src/ssd1306_tests.c:886:6:ssd1306_DisplayAnalogValue	32	static
../Core/Src/ssd1306_tests.c:914:6:ssd1306_TestFonts2	32	static
../Core/Src/ssd1306_tests.c:936:6:ssd1306_TestFPS	8	static
../Core/Src/ssd1306_tests.c:946:6:ssd1306_TestLine	16	static
../Core/Src/ssd1306_tests.c:954:6:ssd1306_TestRectangle	32	static
../Core/Src/ssd1306_tests.c:964:6:ssd1306_TestRectangleFill	16	static
../Core/Src/ssd1306_tests.c:972:6:ssd1306_TestCircle	16	static
../Core/Src/ssd1306_tests.c:987:6:ssd1306_TestArc	16	static
../Core/Src/ssd1306_tests.c:994:6:ssd1306_TestPolyline	32	static
../Core/Src/ssd1306_tests.c:1011:6:ssd1306_TestDrawBitmap	16	static
../Core/Src/ssd1306_tests.c:1018:6:ssd1306_TestDrawBitmapOHMIO	16	static
../Core/Src/ssd1306_tests.c:1029:6:ssd1306_OhmioSplash	8	static
../Core/Src/ssd1306_tests.c:1035:6:ssd1306_OhmioMenuPrincipal	8	static
../Core/Src/ssd1306_tests.c:1041:6:ssd1306_TestAll	8	static
