../Core/Src/ssd1306_tests.c:197:6:ssd1306_TestBorder	24	static
../Core/Src/ssd1306_tests.c:227:6:ssd1306_TestFonts1	16	static
../Core/Src/ssd1306_tests.c:259:6:ssd1306_DisplayAnalogValue	32	static
../Core/Src/ssd1306_tests.c:376:6:ssd1306_TestFonts2	32	static
../Core/Src/ssd1306_tests.c:398:6:ssd1306_TestFPS	8	static
../Core/Src/ssd1306_tests.c:408:6:ssd1306_TestLine	16	static
../Core/Src/ssd1306_tests.c:416:6:ssd1306_TestRectangle	32	static
../Core/Src/ssd1306_tests.c:426:6:ssd1306_TestRectangleFill	16	static
../Core/Src/ssd1306_tests.c:434:6:ssd1306_TestCircle	16	static
../Core/Src/ssd1306_tests.c:449:6:ssd1306_TestArc	16	static
../Core/Src/ssd1306_tests.c:456:6:ssd1306_TestPolyline	32	static
../Core/Src/ssd1306_tests.c:473:6:ssd1306_TestDrawBitmap	16	static
../Core/Src/ssd1306_tests.c:480:6:ssd1306_TestDrawBitmapOHMIO	16	static
../Core/Src/ssd1306_tests.c:491:6:ssd1306_OhmioSplash	8	static
../Core/Src/ssd1306_tests.c:497:6:ssd1306_OhmioMenuPrincipal	8	static
../Core/Src/ssd1306_tests.c:503:6:ssd1306_TestAll	8	static
